Detected host target triple: x86_64-pc-linux-gnu
Initializing LLVM targets...
Successfully initialized all LLVM targets
Discovering available targets from LLVM...
Discovered target: xtensa
Discovered target: m68k
Discovered target: xcore
Discovered target: x86-64
Discovered target: x86
Discovered target: wasm64
Discovered target: wasm32
Discovered target: ve
Discovered target: systemz
Discovered target: spirv
Discovered target: spirv64
Discovered target: spirv32
Discovered target: sparcel
Discovered target: sparcv9
Discovered target: sparc
Discovered target: riscv64
Discovered target: riscv32
Discovered target: ppc64le
Discovered target: ppc64
Discovered target: ppc32le
Discovered target: ppc32
Discovered target: nvptx64
Discovered target: nvptx
Discovered target: msp430
Discovered target: mips64el
Discovered target: mips64
Discovered target: mipsel
Discovered target: mips
Discovered target: loongarch64
Discovered target: loongarch32
Discovered target: lanai
Discovered target: hexagon
Discovered target: bpfeb
Discovered target: bpfel
Discovered target: bpf
Discovered target: avr
Discovered target: thumbeb
Discovered target: thumb
Discovered target: armeb
Discovered target: arm
Discovered target: amdgcn
Discovered target: r600
Discovered target: aarch64_32
Discovered target: aarch64_be
Discovered target: aarch64
Discovered target: arm64_32
Discovered target: arm64
Target registry initialized successfully with 47 targets
Supported targets: 47/47
DEBUG: Created ModuleSymbolManager
DEBUG: SemanticAnalyzer created SymbolTable at address: 0x560657934a80
DEBUG: Created Infinity global variable with linkage: 0
[0] Starting lexical analysis
[1] Starting syntax analysis
DEBUG: Parser::parse() called with 65 tokens for file: /workspace/tests/memory_validation/output/memory_stress_test.ts
DEBUG: Parser::parseModule() called
DEBUG: Starting parseModule loop, isAtEnd(): 0
DEBUG: parseModule loop iteration, calling parseStatement()
DEBUG: parseStatement() called
DEBUG: parseStatement() called
DEBUG: Current token type: 1
DEBUG: parseStatement returned a statement
DEBUG: parseModule loop iteration, calling parseStatement()
DEBUG: parseStatement() called
DEBUG: parseStatement() called
DEBUG: Current token type: 1
DEBUG: Current token type: 1
DEBUG: parseStatement() called
DEBUG: parseStatement() called
DEBUG: parseVariableStatement called, current token: Identifier(result)
DEBUG: Current token type: 1
DEBUG: Current token type: 1
DEBUG: parseStatement returned a statement
DEBUG: parseModule loop iteration, calling parseStatement()
DEBUG: parseStatement() called
DEBUG: Current token type: 1
DEBUG: parseStatement returned a statement
[2] Starting semantic analysis
DEBUG: *** ANALYZE METHOD CALLED *** for module
DEBUG: *** CALLING performSymbolResolution ***
DEBUG: *** performSymbolResolution CALLED ***
DEBUG: collectFunctionDeclarations found 3 statements
DEBUG: Processing statement type: N3tsc19FunctionDeclarationE
DEBUG: Found function declaration: processString
DEBUG: Processing statement type: N3tsc19FunctionDeclarationE
DEBUG: Found function declaration: main
DEBUG: Processing statement type: N3tsc19ExpressionStatementE
DEBUG: *** CALLING module.accept(*this) ***
DEBUG: SymbolTable::lookupSymbol searching for 'processString' starting from scope 0x5606578550b0
DEBUG: Scope::lookupSymbol searching for 'processString' in scope 0x5606578550b0 (type: 0)
DEBUG: Found symbol 'processString' in scope 0x5606578550b0
DEBUG: Found 'processString' in parent hierarchy
DEBUG: declareSymbol called for: T (kind: 10)
DEBUG: Symbol successfully declared: T
DEBUG: SymbolTable::lookupSymbol searching for 'T' starting from scope 0x560657856160
DEBUG: Scope::lookupSymbol searching for 'T' in scope 0x560657856160 (type: 2)
DEBUG: Found symbol 'T' in scope 0x560657856160
DEBUG: Found 'T' in parent hierarchy
DEBUG: resolveType looking up 'T': found
DEBUG: Symbol kind: 10
DEBUG: Symbol type: T
DEBUG: Symbol type kind: 23
DEBUG: resolveType returning resolved type: T (kind: 23)
DEBUG: Processing parameter 'value' with type: T
DEBUG: Parameter type kind before resolve: 12
DEBUG: SymbolTable::lookupSymbol searching for 'T' starting from scope 0x560657856160
DEBUG: Scope::lookupSymbol searching for 'T' in scope 0x560657856160 (type: 2)
DEBUG: Found symbol 'T' in scope 0x560657856160
DEBUG: Found 'T' in parent hierarchy
DEBUG: resolveType looking up 'T': found
DEBUG: Symbol kind: 10
DEBUG: Symbol type: T
DEBUG: Symbol type kind: 23
DEBUG: resolveType returning resolved type: T (kind: 23)
DEBUG: Parameter type kind after resolve: 23
DEBUG: SymbolTable::lookupSymbol searching for 'value' starting from scope 0x560657bd2460
DEBUG: Scope::lookupSymbol searching for 'value' in scope 0x560657bd2460 (type: 3)
DEBUG: Symbol not found in scope 0x560657bd2460, searching parent scope 0x560657856160
DEBUG: Scope::lookupSymbol searching for 'value' in scope 0x560657856160 (type: 2)
DEBUG: Found symbol 'value' in scope 0x560657856160
DEBUG: Found 'value' in parent hierarchy
DEBUG: SymbolTable::lookupSymbol searching for 'T' starting from scope 0x560657bd2460
DEBUG: Scope::lookupSymbol searching for 'T' in scope 0x560657bd2460 (type: 3)
DEBUG: Symbol not found in scope 0x560657bd2460, searching parent scope 0x560657856160
DEBUG: Scope::lookupSymbol searching for 'T' in scope 0x560657856160 (type: 2)
DEBUG: Found symbol 'T' in scope 0x560657856160
DEBUG: Found 'T' in parent hierarchy
DEBUG: resolveType looking up 'T': found
DEBUG: Symbol kind: 10
DEBUG: Symbol type: T
DEBUG: Symbol type kind: 23
DEBUG: resolveType returning resolved type: T (kind: 23)
DEBUG: SymbolTable::lookupSymbol searching for 'main' starting from scope 0x5606578550b0
DEBUG: Scope::lookupSymbol searching for 'main' in scope 0x5606578550b0 (type: 0)
DEBUG: Found symbol 'main' in scope 0x5606578550b0
DEBUG: Found 'main' in parent hierarchy
DEBUG: Adding variable i with type: number
DEBUG: Current scope when adding variable: 0x560657bd2680
DEBUG: Scope hierarchy when adding variable i:
  Level 0: 0x560657bd2680 (type: 3, name: )
  Level 1: 0x560657bd25d0 (type: 2, name: main)
  Level 2: 0x5606578550b0 (type: 0, name: global)
DEBUG: SymbolTable::lookupSymbol searching for 'i' starting from scope 0x560657bd2680
DEBUG: Scope::lookupSymbol searching for 'i' in scope 0x560657bd2680 (type: 3)
DEBUG: Found symbol 'i' in scope 0x560657bd2680
DEBUG: Found 'i' in parent hierarchy
DEBUG: SymbolTable::lookupSymbol searching for 'i' starting from scope 0x560657bd2680
DEBUG: Scope::lookupSymbol searching for 'i' in scope 0x560657bd2680 (type: 3)
DEBUG: Found symbol 'i' in scope 0x560657bd2680
DEBUG: Found 'i' in parent hierarchy
DEBUG: SymbolTable::lookupSymbol searching for 'processString' starting from scope 0x560657bd29d0
DEBUG: Scope::lookupSymbol searching for 'processString' in scope 0x560657bd29d0 (type: 3)
DEBUG: Symbol not found in scope 0x560657bd29d0, searching parent scope 0x560657bd2680
DEBUG: Scope::lookupSymbol searching for 'processString' in scope 0x560657bd2680 (type: 3)
DEBUG: Symbol not found in scope 0x560657bd2680, searching parent scope 0x560657bd25d0
DEBUG: Scope::lookupSymbol searching for 'processString' in scope 0x560657bd25d0 (type: 2)
DEBUG: Symbol not found in scope 0x560657bd25d0, searching parent scope 0x5606578550b0
DEBUG: Scope::lookupSymbol searching for 'processString' in scope 0x5606578550b0 (type: 0)
DEBUG: Found symbol 'processString' in scope 0x5606578550b0
DEBUG: Found 'processString' in parent hierarchy
DEBUG: SymbolTable::lookupSymbol searching for 'i' starting from scope 0x560657bd29d0
DEBUG: Scope::lookupSymbol searching for 'i' in scope 0x560657bd29d0 (type: 3)
DEBUG: Symbol not found in scope 0x560657bd29d0, searching parent scope 0x560657bd2680
DEBUG: Scope::lookupSymbol searching for 'i' in scope 0x560657bd2680 (type: 3)
DEBUG: Found symbol 'i' in scope 0x560657bd2680
DEBUG: Found 'i' in parent hierarchy
DEBUG: SymbolTable::lookupSymbol searching for 'processString' starting from scope 0x560657bd29d0
DEBUG: Scope::lookupSymbol searching for 'processString' in scope 0x560657bd29d0 (type: 3)
DEBUG: Symbol not found in scope 0x560657bd29d0, searching parent scope 0x560657bd2680
DEBUG: Scope::lookupSymbol searching for 'processString' in scope 0x560657bd2680 (type: 3)
DEBUG: Symbol not found in scope 0x560657bd2680, searching parent scope 0x560657bd25d0
DEBUG: Scope::lookupSymbol searching for 'processString' in scope 0x560657bd25d0 (type: 2)
DEBUG: Symbol not found in scope 0x560657bd25d0, searching parent scope 0x5606578550b0
DEBUG: Scope::lookupSymbol searching for 'processString' in scope 0x5606578550b0 (type: 0)
DEBUG: Found symbol 'processString' in scope 0x5606578550b0
DEBUG: Found 'processString' in parent hierarchy
DEBUG: Checking argument 0: string vs parameter: T
DEBUG: Argument type kind: 1, Parameter type kind: 23
DEBUG: Checking if string is assignable to type parameter T
DEBUG: Type parameter has constraint: string
DEBUG: string is assignable to constraint string: YES
DEBUG: SymbolTable::lookupSymbol searching for 'processString' starting from scope 0x560657bd29d0
DEBUG: Scope::lookupSymbol searching for 'processString' in scope 0x560657bd29d0 (type: 3)
DEBUG: Symbol not found in scope 0x560657bd29d0, searching parent scope 0x560657bd2680
DEBUG: Scope::lookupSymbol searching for 'processString' in scope 0x560657bd2680 (type: 3)
DEBUG: Symbol not found in scope 0x560657bd2680, searching parent scope 0x560657bd25d0
DEBUG: Scope::lookupSymbol searching for 'processString' in scope 0x560657bd25d0 (type: 2)
DEBUG: Symbol not found in scope 0x560657bd25d0, searching parent scope 0x5606578550b0
DEBUG: Scope::lookupSymbol searching for 'processString' in scope 0x5606578550b0 (type: 0)
DEBUG: Found symbol 'processString' in scope 0x5606578550b0
DEBUG: Found 'processString' in parent hierarchy
DEBUG: Adding variable result with type: T
DEBUG: Current scope when adding variable: 0x560657bd29d0
DEBUG: Scope hierarchy when adding variable result:
  Level 0: 0x560657bd29d0 (type: 3, name: )
  Level 1: 0x560657bd2680 (type: 3, name: )
  Level 2: 0x560657bd25d0 (type: 2, name: main)
  Level 3: 0x5606578550b0 (type: 0, name: global)
DEBUG: SymbolTable::lookupSymbol searching for 'main' starting from scope 0x5606578550b0
DEBUG: Scope::lookupSymbol searching for 'main' in scope 0x5606578550b0 (type: 0)
DEBUG: Found symbol 'main' in scope 0x5606578550b0
DEBUG: Found 'main' in parent hierarchy
DEBUG: SymbolTable::lookupSymbol searching for 'main' starting from scope 0x5606578550b0
DEBUG: Scope::lookupSymbol searching for 'main' in scope 0x5606578550b0 (type: 0)
DEBUG: Found symbol 'main' in scope 0x5606578550b0
DEBUG: Found 'main' in parent hierarchy
DEBUG: SymbolTable::lookupSymbol searching for 'main' starting from scope 0x5606578550b0
DEBUG: Scope::lookupSymbol searching for 'main' in scope 0x5606578550b0 (type: 0)
DEBUG: Found symbol 'main' in scope 0x5606578550b0
DEBUG: Found 'main' in parent hierarchy
DEBUG: *** module.accept(*this) COMPLETED ***
[3] Starting code generation
DEBUG: LLVMCodeGen received SymbolTable at address: 0x560657934a80
DEBUG: Module statement type: N3tsc19FunctionDeclarationE
DEBUG: Adding FunctionDeclaration to functionDecls
DEBUG: Module statement type: N3tsc19FunctionDeclarationE
DEBUG: Adding FunctionDeclaration to functionDecls
DEBUG: Module statement type: N3tsc19ExpressionStatementE
DEBUG: Adding statement to moduleStatements
DEBUG: Processing 0 class declarations
DEBUG: Processing function declaration: processString
DEBUG: Current function context: null
DEBUG: Basic blocks after function creation:
DEBUG: Navigated to scope 0x560657856160 (type: 2, name: processString)
DEBUG: LLVMCodeGen navigated to function scope: processString at address: 0x560657856160
DEBUG: Current scope after navigation: 0x560657856160 (type: 2, name: processString)
DEBUG: Scope hierarchy for function processString:
  Level 0: 0x560657856160 (type: 2, name: processString)
  Level 1: 0x5606578550b0 (type: 0, name: global)
DEBUG: Processing function body in generateFunctionBody
DEBUG: Basic blocks before function body processing:
DEBUG: Block 0x560657bd3550 has terminator: NO
DEBUG: LLVMCodeGen processing block with current scope: 0x560657856160
DEBUG: Identifier visitor called for: value
DEBUG: loadVariable called for: value
DEBUG: loadVariable found storage for value: YES
DEBUG: Storage type for value: 14
DEBUG: Checking if storage is GlobalVariable for value
DEBUG: Storage value: 0x560657bd3670
DEBUG: Storage is not a GlobalVariable for value
DEBUG: Storage type name: 14
DEBUG: LLVMCodeGen finished processing block with current scope: 0x560657856160
DEBUG: Finished processing function body in generateFunctionBody
DEBUG: Basic blocks after function body processing:
DEBUG: Block 0x560657bd3550 has terminator: YES
DEBUG: Checking terminator after function body processing
DEBUG: Current block: 0x560657bd3550
DEBUG: Current block has terminator: YES
DEBUG: Function already has terminator after body processing
DEBUG: About to check for terminator in generateFunctionBody
DEBUG: Function already has terminator
DEBUG: Checking all basic blocks in function processString
DEBUG: Block 0x560657bd3550 has terminator: YES
DEBUG: Checking all basic blocks after ensuring terminators
DEBUG: Block 0x560657bd3550 has terminator: YES
DEBUG: Popped scope, current scope: 0x5606578550b0 (type: 0, name: global)
DEBUG: LLVMCodeGen finished processing function: processString with current scope: 0x5606578550b0
DEBUG: Processing function declaration: main
DEBUG: Current function context: null
DEBUG: Basic blocks after function creation:
DEBUG: Navigated to scope 0x560657bd25d0 (type: 2, name: main)
DEBUG: LLVMCodeGen navigated to function scope: main at address: 0x560657bd25d0
DEBUG: Current scope after navigation: 0x560657bd25d0 (type: 2, name: main)
DEBUG: Scope hierarchy for function main:
  Level 0: 0x560657bd25d0 (type: 2, name: main)
  Level 1: 0x5606578550b0 (type: 0, name: global)
DEBUG: Main function scope - checking for symbols...
DEBUG: Main function scope address: 0x560657bd25d0
DEBUG: Processing function body in generateFunctionBody
DEBUG: Basic blocks before function body processing:
DEBUG: Block 0x560657bd3db0 has terminator: NO
DEBUG: LLVMCodeGen processing block with current scope: 0x560657bd25d0
DEBUG: VariableDeclaration visitor called for variable: i
DEBUG: SymbolTable::lookupSymbol searching for 'i' starting from scope 0x560657bd25d0
DEBUG: Scope::lookupSymbol searching for 'i' in scope 0x560657bd25d0 (type: 2)
DEBUG: Symbol not found in scope 0x560657bd25d0, searching parent scope 0x5606578550b0
DEBUG: Scope::lookupSymbol searching for 'i' in scope 0x5606578550b0 (type: 0)
DEBUG: Symbol 'i' not found in any scope
DEBUG: Not found in parent hierarchy, searching child scopes...
DEBUG: Found 'i' in child scopes
DEBUG: Variable i using symbol table type: number
DEBUG: Variable i allocated storage: YES
DEBUG: Variable i initValue: YES storage: YES
DEBUG: Variable i currentFunc: main
DEBUG: Storing as local variable: i
DEBUG: Identifier visitor called for: i
DEBUG: loadVariable called for: i
DEBUG: loadVariable found storage for i: YES
DEBUG: Storage type for i: 14
DEBUG: Checking if storage is GlobalVariable for i
DEBUG: Storage value: 0x560657bd4760
DEBUG: Storage is not a GlobalVariable for i
DEBUG: Storage type name: 14
DEBUG: LLVMCodeGen processing block with current scope: 0x560657bd25d0
DEBUG: VariableDeclaration visitor called for variable: result
DEBUG: SymbolTable::lookupSymbol searching for 'result' starting from scope 0x560657bd25d0
DEBUG: Scope::lookupSymbol searching for 'result' in scope 0x560657bd25d0 (type: 2)
DEBUG: Symbol not found in scope 0x560657bd25d0, searching parent scope 0x5606578550b0
DEBUG: Scope::lookupSymbol searching for 'result' in scope 0x5606578550b0 (type: 0)
DEBUG: Symbol 'result' not found in any scope
DEBUG: Not found in parent hierarchy, searching child scopes...
DEBUG: Found 'result' in child scopes
DEBUG: Variable result using symbol table type: T
DEBUG: CallExpression visitor called
DEBUG: Identifier visitor called for: processString
DEBUG: getStringType() returning type: 14
DEBUG: CallExpression visitor called
DEBUG: CallExpression - Method call detected: toString
DEBUG: CallExpression - Number of arguments: 0
DEBUG: PropertyAccess visitor called for property: toString
DEBUG: PropertyAccess - object type: present
DEBUG: PropertyAccess - object class: N3tsc10IdentifierE
DEBUG: PropertyAccess - identifier name: i, property: toString
DEBUG: SymbolTable::lookupSymbol searching for 'i' starting from scope 0x560657bd25d0
DEBUG: Scope::lookupSymbol searching for 'i' in scope 0x560657bd25d0 (type: 2)
DEBUG: Symbol not found in scope 0x560657bd25d0, searching parent scope 0x5606578550b0
DEBUG: Scope::lookupSymbol searching for 'i' in scope 0x5606578550b0 (type: 0)
DEBUG: Symbol 'i' not found in any scope
DEBUG: Not found in parent hierarchy, searching child scopes...
DEBUG: Found 'i' in child scopes
DEBUG: Identifier visitor called for: i
DEBUG: loadVariable called for: i
DEBUG: loadVariable found storage for i: YES
DEBUG: Storage type for i: 14
DEBUG: Checking if storage is GlobalVariable for i
DEBUG: Storage value: 0x560657bd4760
DEBUG: Storage is not a GlobalVariable for i
DEBUG: Storage type name: 14
DEBUG: PropertyAccess - objectValue type: not pointer
DEBUG: PropertyAccess - objectValue type == getAnyType(): false
DEBUG: PropertyAccess - Handling method call on primitive value: toString
DEBUG: createBuiltinMethodFunction called for: toString on type: number
DEBUG: getStringType() returning type: 14
DEBUG: Created number_to_string function with parameter type: double
DEBUG: PropertyAccess - Called toString on number primitive
DEBUG: Identifier visitor called for: i
DEBUG: loadVariable called for: i
DEBUG: loadVariable found storage for i: YES
DEBUG: Storage type for i: 14
DEBUG: Checking if storage is GlobalVariable for i
DEBUG: Storage value: 0x560657bd4760
DEBUG: Storage is not a GlobalVariable for i
DEBUG: Storage type name: 14
DEBUG: SymbolTable::lookupSymbol searching for 'i' starting from scope 0x560657bd25d0
DEBUG: Scope::lookupSymbol searching for 'i' in scope 0x560657bd25d0 (type: 2)
DEBUG: Symbol not found in scope 0x560657bd25d0, searching parent scope 0x5606578550b0
DEBUG: Scope::lookupSymbol searching for 'i' in scope 0x5606578550b0 (type: 0)
DEBUG: Symbol 'i' not found in any scope
DEBUG: Not found in parent hierarchy, searching child scopes...
DEBUG: Found 'i' in child scopes
DEBUG: getStringType() returning type: 14
DEBUG: getStringType() returning type: 14
DEBUG: getStringType() returning type: 14
DEBUG: getStringType() returning type: 14
DEBUG: getStringType() returning type: 14
DEBUG: getStringType() returning type: 14
DEBUG: Created non-void function call to processString
DEBUG: Function call generated in block: for.body
DEBUG: Variable result allocated storage: YES
DEBUG: Variable result initValue: YES storage: YES
DEBUG: Variable result currentFunc: main
DEBUG: Storing as local variable: result
DEBUG: LLVMCodeGen finished processing block with current scope: 0x560657bd25d0
DEBUG: Identifier visitor called for: i
DEBUG: loadVariable called for: i
DEBUG: loadVariable found storage for i: YES
DEBUG: Storage type for i: 14
DEBUG: Checking if storage is GlobalVariable for i
DEBUG: Storage value: 0x560657bd4760
DEBUG: Storage is not a GlobalVariable for i
DEBUG: Storage type name: 14
DEBUG: LLVMCodeGen finished processing block with current scope: 0x560657bd25d0
DEBUG: Finished processing function body in generateFunctionBody
DEBUG: Basic blocks after function body processing:
DEBUG: Block 0x560657bd3db0 has terminator: YES
DEBUG: Block 0x560657bd48a0 has terminator: YES
DEBUG: Block 0x560657bd4930 has terminator: YES
DEBUG: Block 0x560657bd49c0 has terminator: YES
DEBUG: Block 0x560657bd4a40 has terminator: NO
DEBUG: Checking terminator after function body processing
DEBUG: Current block: 0x560657bd4a40
DEBUG: Current block has terminator: NO
DEBUG: Function does NOT have terminator after body processing
DEBUG: About to check for terminator in generateFunctionBody
DEBUG: No terminator found, adding return statement
DEBUG: Added default return
DEBUG: Checking all basic blocks in function main
DEBUG: Block 0x560657bd3db0 has terminator: YES
DEBUG: Block 0x560657bd48a0 has terminator: YES
DEBUG: Block 0x560657bd4930 has terminator: YES
DEBUG: Block 0x560657bd49c0 has terminator: YES
DEBUG: Block 0x560657bd4a40 has terminator: YES
DEBUG: Checking all basic blocks after ensuring terminators
DEBUG: Block 0x560657bd3db0 has terminator: YES
DEBUG: Block 0x560657bd48a0 has terminator: YES
DEBUG: Block 0x560657bd4930 has terminator: YES
DEBUG: Block 0x560657bd49c0 has terminator: YES
DEBUG: Block 0x560657bd4a40 has terminator: YES
DEBUG: Popped scope, current scope: 0x5606578550b0 (type: 0, name: global)
DEBUG: LLVMCodeGen finished processing function: main with current scope: 0x5606578550b0
DEBUG: Checking main function generation: moduleStatements=1, mainExists=true, generateMainFunction=true
DEBUG: Starting LLVM IR verification...
DEBUG: Module has 4 functions
DEBUG: Verification result: FAILED
WARNING: LLVM IR verification failed, but continuing...
WARNING: This may be due to unused external function declarations
DEBUG: Attempting to create IR file...
DEBUG: IR file created successfully, printing module...
DEBUG: LLVM IR dumped to generated_ir.ll
