Detected host target triple: x86_64-pc-linux-gnu
Initializing LLVM targets...
Successfully initialized all LLVM targets
Discovering available targets from LLVM...
Discovered target: xtensa
Discovered target: m68k
Discovered target: xcore
Discovered target: x86-64
Discovered target: x86
Discovered target: wasm64
Discovered target: wasm32
Discovered target: ve
Discovered target: systemz
Discovered target: spirv
Discovered target: spirv64
Discovered target: spirv32
Discovered target: sparcel
Discovered target: sparcv9
Discovered target: sparc
Discovered target: riscv64
Discovered target: riscv32
Discovered target: ppc64le
Discovered target: ppc64
Discovered target: ppc32le
Discovered target: ppc32
Discovered target: nvptx64
Discovered target: nvptx
Discovered target: msp430
Discovered target: mips64el
Discovered target: mips64
Discovered target: mipsel
Discovered target: mips
Discovered target: loongarch64
Discovered target: loongarch32
Discovered target: lanai
Discovered target: hexagon
Discovered target: bpfeb
Discovered target: bpfel
Discovered target: bpf
Discovered target: avr
Discovered target: thumbeb
Discovered target: thumb
Discovered target: armeb
Discovered target: arm
Discovered target: amdgcn
Discovered target: r600
Discovered target: aarch64_32
Discovered target: aarch64_be
Discovered target: aarch64
Discovered target: arm64_32
Discovered target: arm64
Target registry initialized successfully with 47 targets
Supported targets: 47/47
DEBUG: Created ModuleSymbolManager
DEBUG: SemanticAnalyzer created SymbolTable at address: 0x55ef29d27a80
DEBUG: Created Infinity global variable with linkage: 0
[0] Starting lexical analysis
[1] Starting syntax analysis
DEBUG: Parser::parse() called with 134 tokens for file: /workspace/tests/regression/generic_constraints/minimal_regression.ts
DEBUG: Parser::parseModule() called
DEBUG: Starting parseModule loop, isAtEnd(): 0
DEBUG: parseModule loop iteration, calling parseStatement()
DEBUG: parseStatement() called
DEBUG: parseStatement() called
DEBUG: Current token type: 1
DEBUG: parseStatement returned a statement
DEBUG: parseModule loop iteration, calling parseStatement()
DEBUG: parseStatement() called
DEBUG: parseStatement() called
DEBUG: Current token type: 1
DEBUG: parseStatement returned a statement
DEBUG: parseModule loop iteration, calling parseStatement()
DEBUG: parseStatement() called
DEBUG: parseStatement() called
DEBUG: Current token type: 1
DEBUG: parseStatement returned a statement
DEBUG: parseModule loop iteration, calling parseStatement()
DEBUG: parseStatement() called
DEBUG: parseStatement() called
DEBUG: parseVariableStatement called, current token: Identifier(strResult)
DEBUG: Current token type: 1
DEBUG: parseStatement() called
DEBUG: parseVariableStatement called, current token: Identifier(numResult)
DEBUG: Current token type: 1
DEBUG: parseStatement() called
DEBUG: parseVariableStatement called, current token: Identifier(multiResult)
DEBUG: Current token type: 1
DEBUG: parseStatement() called
DEBUG: parseVariableStatement called, current token: Identifier(allTestsPassed)
DEBUG: Current token type: 46
DEBUG: parseStatement returned a statement
DEBUG: parseModule loop iteration, calling parseStatement()
DEBUG: parseStatement() called
DEBUG: parseStatement() called
DEBUG: Current token type: 1
DEBUG: parseStatement returned a statement
DEBUG: parseModule loop iteration, calling parseStatement()
DEBUG: parseStatement() called
DEBUG: Current token type: 1
DEBUG: parseStatement returned a statement
[2] Starting semantic analysis
DEBUG: *** ANALYZE METHOD CALLED *** for module
DEBUG: *** CALLING performSymbolResolution ***
DEBUG: *** performSymbolResolution CALLED ***
DEBUG: collectFunctionDeclarations found 6 statements
DEBUG: Processing statement type: N3tsc19FunctionDeclarationE
DEBUG: Found function declaration: processString
DEBUG: Processing statement type: N3tsc19FunctionDeclarationE
DEBUG: Found function declaration: processNumber
DEBUG: Processing statement type: N3tsc19FunctionDeclarationE
DEBUG: Found function declaration: processMultiple
DEBUG: Processing statement type: N3tsc19FunctionDeclarationE
DEBUG: Found function declaration: testMinimalRegression
DEBUG: Processing statement type: N3tsc19FunctionDeclarationE
DEBUG: Found function declaration: main
DEBUG: Processing statement type: N3tsc19ExpressionStatementE
DEBUG: *** CALLING module.accept(*this) ***
DEBUG: SymbolTable::lookupSymbol searching for 'processString' starting from scope 0x55ef29c480b0
DEBUG: Scope::lookupSymbol searching for 'processString' in scope 0x55ef29c480b0 (type: 0)
DEBUG: Found symbol 'processString' in scope 0x55ef29c480b0
DEBUG: Found 'processString' in parent hierarchy
DEBUG: declareSymbol called for: T (kind: 10)
DEBUG: Symbol successfully declared: T
DEBUG: SymbolTable::lookupSymbol searching for 'T' starting from scope 0x55ef29fce590
DEBUG: Scope::lookupSymbol searching for 'T' in scope 0x55ef29fce590 (type: 2)
DEBUG: Found symbol 'T' in scope 0x55ef29fce590
DEBUG: Found 'T' in parent hierarchy
DEBUG: resolveType looking up 'T': found
DEBUG: Symbol kind: 10
DEBUG: Symbol type: T
DEBUG: Symbol type kind: 23
DEBUG: resolveType returning resolved type: T (kind: 23)
DEBUG: Processing parameter 'value' with type: T
DEBUG: Parameter type kind before resolve: 12
DEBUG: SymbolTable::lookupSymbol searching for 'T' starting from scope 0x55ef29fce590
DEBUG: Scope::lookupSymbol searching for 'T' in scope 0x55ef29fce590 (type: 2)
DEBUG: Found symbol 'T' in scope 0x55ef29fce590
DEBUG: Found 'T' in parent hierarchy
DEBUG: resolveType looking up 'T': found
DEBUG: Symbol kind: 10
DEBUG: Symbol type: T
DEBUG: Symbol type kind: 23
DEBUG: resolveType returning resolved type: T (kind: 23)
DEBUG: Parameter type kind after resolve: 23
DEBUG: SymbolTable::lookupSymbol searching for 'value' starting from scope 0x55ef29fce9c0
DEBUG: Scope::lookupSymbol searching for 'value' in scope 0x55ef29fce9c0 (type: 3)
DEBUG: Symbol not found in scope 0x55ef29fce9c0, searching parent scope 0x55ef29fce590
DEBUG: Scope::lookupSymbol searching for 'value' in scope 0x55ef29fce590 (type: 2)
DEBUG: Found symbol 'value' in scope 0x55ef29fce590
DEBUG: Found 'value' in parent hierarchy
DEBUG: SymbolTable::lookupSymbol searching for 'T' starting from scope 0x55ef29fce9c0
DEBUG: Scope::lookupSymbol searching for 'T' in scope 0x55ef29fce9c0 (type: 3)
DEBUG: Symbol not found in scope 0x55ef29fce9c0, searching parent scope 0x55ef29fce590
DEBUG: Scope::lookupSymbol searching for 'T' in scope 0x55ef29fce590 (type: 2)
DEBUG: Found symbol 'T' in scope 0x55ef29fce590
DEBUG: Found 'T' in parent hierarchy
DEBUG: resolveType looking up 'T': found
DEBUG: Symbol kind: 10
DEBUG: Symbol type: T
DEBUG: Symbol type kind: 23
DEBUG: resolveType returning resolved type: T (kind: 23)
DEBUG: SymbolTable::lookupSymbol searching for 'processNumber' starting from scope 0x55ef29c480b0
DEBUG: Scope::lookupSymbol searching for 'processNumber' in scope 0x55ef29c480b0 (type: 0)
DEBUG: Found symbol 'processNumber' in scope 0x55ef29c480b0
DEBUG: Found 'processNumber' in parent hierarchy
DEBUG: declareSymbol called for: T (kind: 10)
DEBUG: Symbol successfully declared: T
DEBUG: SymbolTable::lookupSymbol searching for 'T' starting from scope 0x55ef29fceb50
DEBUG: Scope::lookupSymbol searching for 'T' in scope 0x55ef29fceb50 (type: 2)
DEBUG: Found symbol 'T' in scope 0x55ef29fceb50
DEBUG: Found 'T' in parent hierarchy
DEBUG: resolveType looking up 'T': found
DEBUG: Symbol kind: 10
DEBUG: Symbol type: T
DEBUG: Symbol type kind: 23
DEBUG: resolveType returning resolved type: T (kind: 23)
DEBUG: Processing parameter 'value' with type: T
DEBUG: Parameter type kind before resolve: 12
DEBUG: SymbolTable::lookupSymbol searching for 'T' starting from scope 0x55ef29fceb50
DEBUG: Scope::lookupSymbol searching for 'T' in scope 0x55ef29fceb50 (type: 2)
DEBUG: Found symbol 'T' in scope 0x55ef29fceb50
DEBUG: Found 'T' in parent hierarchy
DEBUG: resolveType looking up 'T': found
DEBUG: Symbol kind: 10
DEBUG: Symbol type: T
DEBUG: Symbol type kind: 23
DEBUG: resolveType returning resolved type: T (kind: 23)
DEBUG: Parameter type kind after resolve: 23
DEBUG: SymbolTable::lookupSymbol searching for 'value' starting from scope 0x55ef29fceef0
DEBUG: Scope::lookupSymbol searching for 'value' in scope 0x55ef29fceef0 (type: 3)
DEBUG: Symbol not found in scope 0x55ef29fceef0, searching parent scope 0x55ef29fceb50
DEBUG: Scope::lookupSymbol searching for 'value' in scope 0x55ef29fceb50 (type: 2)
DEBUG: Found symbol 'value' in scope 0x55ef29fceb50
DEBUG: Found 'value' in parent hierarchy
DEBUG: SymbolTable::lookupSymbol searching for 'T' starting from scope 0x55ef29fceef0
DEBUG: Scope::lookupSymbol searching for 'T' in scope 0x55ef29fceef0 (type: 3)
DEBUG: Symbol not found in scope 0x55ef29fceef0, searching parent scope 0x55ef29fceb50
DEBUG: Scope::lookupSymbol searching for 'T' in scope 0x55ef29fceb50 (type: 2)
DEBUG: Found symbol 'T' in scope 0x55ef29fceb50
DEBUG: Found 'T' in parent hierarchy
DEBUG: resolveType looking up 'T': found
DEBUG: Symbol kind: 10
DEBUG: Symbol type: T
DEBUG: Symbol type kind: 23
DEBUG: resolveType returning resolved type: T (kind: 23)
DEBUG: SymbolTable::lookupSymbol searching for 'processMultiple' starting from scope 0x55ef29c480b0
DEBUG: Scope::lookupSymbol searching for 'processMultiple' in scope 0x55ef29c480b0 (type: 0)
DEBUG: Found symbol 'processMultiple' in scope 0x55ef29c480b0
DEBUG: Found 'processMultiple' in parent hierarchy
DEBUG: declareSymbol called for: T (kind: 10)
DEBUG: Symbol successfully declared: T
DEBUG: declareSymbol called for: U (kind: 10)
DEBUG: Symbol successfully declared: U
DEBUG: SymbolTable::lookupSymbol searching for 'T' starting from scope 0x55ef29fcefd0
DEBUG: Scope::lookupSymbol searching for 'T' in scope 0x55ef29fcefd0 (type: 2)
DEBUG: Found symbol 'T' in scope 0x55ef29fcefd0
DEBUG: Found 'T' in parent hierarchy
DEBUG: resolveType looking up 'T': found
DEBUG: Symbol kind: 10
DEBUG: Symbol type: T
DEBUG: Symbol type kind: 23
DEBUG: resolveType returning resolved type: T (kind: 23)
DEBUG: SymbolTable::lookupSymbol searching for 'U' starting from scope 0x55ef29fcefd0
DEBUG: Scope::lookupSymbol searching for 'U' in scope 0x55ef29fcefd0 (type: 2)
DEBUG: Found symbol 'U' in scope 0x55ef29fcefd0
DEBUG: Found 'U' in parent hierarchy
DEBUG: resolveType looking up 'U': found
DEBUG: Symbol kind: 10
DEBUG: Symbol type: U
DEBUG: Symbol type kind: 23
DEBUG: resolveType returning resolved type: U (kind: 23)
DEBUG: Processing parameter 'str' with type: T
DEBUG: Parameter type kind before resolve: 12
DEBUG: SymbolTable::lookupSymbol searching for 'T' starting from scope 0x55ef29fcefd0
DEBUG: Scope::lookupSymbol searching for 'T' in scope 0x55ef29fcefd0 (type: 2)
DEBUG: Found symbol 'T' in scope 0x55ef29fcefd0
DEBUG: Found 'T' in parent hierarchy
DEBUG: resolveType looking up 'T': found
DEBUG: Symbol kind: 10
DEBUG: Symbol type: T
DEBUG: Symbol type kind: 23
DEBUG: resolveType returning resolved type: T (kind: 23)
DEBUG: Parameter type kind after resolve: 23
DEBUG: Processing parameter 'num' with type: U
DEBUG: Parameter type kind before resolve: 12
DEBUG: SymbolTable::lookupSymbol searching for 'U' starting from scope 0x55ef29fcefd0
DEBUG: Scope::lookupSymbol searching for 'U' in scope 0x55ef29fcefd0 (type: 2)
DEBUG: Found symbol 'U' in scope 0x55ef29fcefd0
DEBUG: Found 'U' in parent hierarchy
DEBUG: resolveType looking up 'U': found
DEBUG: Symbol kind: 10
DEBUG: Symbol type: U
DEBUG: Symbol type kind: 23
DEBUG: resolveType returning resolved type: U (kind: 23)
DEBUG: Parameter type kind after resolve: 23
DEBUG: SymbolTable::lookupSymbol searching for 'str' starting from scope 0x55ef29fcf640
DEBUG: Scope::lookupSymbol searching for 'str' in scope 0x55ef29fcf640 (type: 3)
DEBUG: Symbol not found in scope 0x55ef29fcf640, searching parent scope 0x55ef29fcefd0
DEBUG: Scope::lookupSymbol searching for 'str' in scope 0x55ef29fcefd0 (type: 2)
DEBUG: Found symbol 'str' in scope 0x55ef29fcefd0
DEBUG: Found 'str' in parent hierarchy
DEBUG: SymbolTable::lookupSymbol searching for 'testMinimalRegression' starting from scope 0x55ef29c480b0
DEBUG: Scope::lookupSymbol searching for 'testMinimalRegression' in scope 0x55ef29c480b0 (type: 0)
DEBUG: Found symbol 'testMinimalRegression' in scope 0x55ef29c480b0
DEBUG: Found 'testMinimalRegression' in parent hierarchy
DEBUG: SymbolTable::lookupSymbol searching for 'processString' starting from scope 0x55ef29fcf850
DEBUG: Scope::lookupSymbol searching for 'processString' in scope 0x55ef29fcf850 (type: 3)
DEBUG: Symbol not found in scope 0x55ef29fcf850, searching parent scope 0x55ef29fcf7a0
DEBUG: Scope::lookupSymbol searching for 'processString' in scope 0x55ef29fcf7a0 (type: 2)
DEBUG: Symbol not found in scope 0x55ef29fcf7a0, searching parent scope 0x55ef29c480b0
DEBUG: Scope::lookupSymbol searching for 'processString' in scope 0x55ef29c480b0 (type: 0)
DEBUG: Found symbol 'processString' in scope 0x55ef29c480b0
DEBUG: Found 'processString' in parent hierarchy
DEBUG: SymbolTable::lookupSymbol searching for 'processString' starting from scope 0x55ef29fcf850
DEBUG: Scope::lookupSymbol searching for 'processString' in scope 0x55ef29fcf850 (type: 3)
DEBUG: Symbol not found in scope 0x55ef29fcf850, searching parent scope 0x55ef29fcf7a0
DEBUG: Scope::lookupSymbol searching for 'processString' in scope 0x55ef29fcf7a0 (type: 2)
DEBUG: Symbol not found in scope 0x55ef29fcf7a0, searching parent scope 0x55ef29c480b0
DEBUG: Scope::lookupSymbol searching for 'processString' in scope 0x55ef29c480b0 (type: 0)
DEBUG: Found symbol 'processString' in scope 0x55ef29c480b0
DEBUG: Found 'processString' in parent hierarchy
DEBUG: Checking argument 0: string vs parameter: T
DEBUG: Argument type kind: 1, Parameter type kind: 23
DEBUG: Checking if string is assignable to type parameter T
DEBUG: Type parameter has constraint: string
DEBUG: string is assignable to constraint string: YES
DEBUG: SymbolTable::lookupSymbol searching for 'processString' starting from scope 0x55ef29fcf850
DEBUG: Scope::lookupSymbol searching for 'processString' in scope 0x55ef29fcf850 (type: 3)
DEBUG: Symbol not found in scope 0x55ef29fcf850, searching parent scope 0x55ef29fcf7a0
DEBUG: Scope::lookupSymbol searching for 'processString' in scope 0x55ef29fcf7a0 (type: 2)
DEBUG: Symbol not found in scope 0x55ef29fcf7a0, searching parent scope 0x55ef29c480b0
DEBUG: Scope::lookupSymbol searching for 'processString' in scope 0x55ef29c480b0 (type: 0)
DEBUG: Found symbol 'processString' in scope 0x55ef29c480b0
DEBUG: Found 'processString' in parent hierarchy
DEBUG: Adding variable strResult with type: T
DEBUG: Current scope when adding variable: 0x55ef29fcf850
DEBUG: Scope hierarchy when adding variable strResult:
  Level 0: 0x55ef29fcf850 (type: 3, name: )
  Level 1: 0x55ef29fcf7a0 (type: 2, name: testMinimalRegression)
  Level 2: 0x55ef29c480b0 (type: 0, name: global)
DEBUG: SymbolTable::lookupSymbol searching for 'processNumber' starting from scope 0x55ef29fcf850
DEBUG: Scope::lookupSymbol searching for 'processNumber' in scope 0x55ef29fcf850 (type: 3)
DEBUG: Symbol not found in scope 0x55ef29fcf850, searching parent scope 0x55ef29fcf7a0
DEBUG: Scope::lookupSymbol searching for 'processNumber' in scope 0x55ef29fcf7a0 (type: 2)
DEBUG: Symbol not found in scope 0x55ef29fcf7a0, searching parent scope 0x55ef29c480b0
DEBUG: Scope::lookupSymbol searching for 'processNumber' in scope 0x55ef29c480b0 (type: 0)
DEBUG: Found symbol 'processNumber' in scope 0x55ef29c480b0
DEBUG: Found 'processNumber' in parent hierarchy
DEBUG: SymbolTable::lookupSymbol searching for 'processNumber' starting from scope 0x55ef29fcf850
DEBUG: Scope::lookupSymbol searching for 'processNumber' in scope 0x55ef29fcf850 (type: 3)
DEBUG: Symbol not found in scope 0x55ef29fcf850, searching parent scope 0x55ef29fcf7a0
DEBUG: Scope::lookupSymbol searching for 'processNumber' in scope 0x55ef29fcf7a0 (type: 2)
DEBUG: Symbol not found in scope 0x55ef29fcf7a0, searching parent scope 0x55ef29c480b0
DEBUG: Scope::lookupSymbol searching for 'processNumber' in scope 0x55ef29c480b0 (type: 0)
DEBUG: Found symbol 'processNumber' in scope 0x55ef29c480b0
DEBUG: Found 'processNumber' in parent hierarchy
DEBUG: Checking argument 0: number vs parameter: T
DEBUG: Argument type kind: 0, Parameter type kind: 23
DEBUG: Checking if number is assignable to type parameter T
DEBUG: Type parameter has constraint: number
DEBUG: number is assignable to constraint number: YES
DEBUG: SymbolTable::lookupSymbol searching for 'processNumber' starting from scope 0x55ef29fcf850
DEBUG: Scope::lookupSymbol searching for 'processNumber' in scope 0x55ef29fcf850 (type: 3)
DEBUG: Symbol not found in scope 0x55ef29fcf850, searching parent scope 0x55ef29fcf7a0
DEBUG: Scope::lookupSymbol searching for 'processNumber' in scope 0x55ef29fcf7a0 (type: 2)
DEBUG: Symbol not found in scope 0x55ef29fcf7a0, searching parent scope 0x55ef29c480b0
DEBUG: Scope::lookupSymbol searching for 'processNumber' in scope 0x55ef29c480b0 (type: 0)
DEBUG: Found symbol 'processNumber' in scope 0x55ef29c480b0
DEBUG: Found 'processNumber' in parent hierarchy
DEBUG: Adding variable numResult with type: T
DEBUG: Current scope when adding variable: 0x55ef29fcf850
DEBUG: Scope hierarchy when adding variable numResult:
  Level 0: 0x55ef29fcf850 (type: 3, name: )
  Level 1: 0x55ef29fcf7a0 (type: 2, name: testMinimalRegression)
  Level 2: 0x55ef29c480b0 (type: 0, name: global)
DEBUG: SymbolTable::lookupSymbol searching for 'processMultiple' starting from scope 0x55ef29fcf850
DEBUG: Scope::lookupSymbol searching for 'processMultiple' in scope 0x55ef29fcf850 (type: 3)
DEBUG: Symbol not found in scope 0x55ef29fcf850, searching parent scope 0x55ef29fcf7a0
DEBUG: Scope::lookupSymbol searching for 'processMultiple' in scope 0x55ef29fcf7a0 (type: 2)
DEBUG: Symbol not found in scope 0x55ef29fcf7a0, searching parent scope 0x55ef29c480b0
DEBUG: Scope::lookupSymbol searching for 'processMultiple' in scope 0x55ef29c480b0 (type: 0)
DEBUG: Found symbol 'processMultiple' in scope 0x55ef29c480b0
DEBUG: Found 'processMultiple' in parent hierarchy
DEBUG: SymbolTable::lookupSymbol searching for 'processMultiple' starting from scope 0x55ef29fcf850
DEBUG: Scope::lookupSymbol searching for 'processMultiple' in scope 0x55ef29fcf850 (type: 3)
DEBUG: Symbol not found in scope 0x55ef29fcf850, searching parent scope 0x55ef29fcf7a0
DEBUG: Scope::lookupSymbol searching for 'processMultiple' in scope 0x55ef29fcf7a0 (type: 2)
DEBUG: Symbol not found in scope 0x55ef29fcf7a0, searching parent scope 0x55ef29c480b0
DEBUG: Scope::lookupSymbol searching for 'processMultiple' in scope 0x55ef29c480b0 (type: 0)
DEBUG: Found symbol 'processMultiple' in scope 0x55ef29c480b0
DEBUG: Found 'processMultiple' in parent hierarchy
DEBUG: Checking argument 0: string vs parameter: T
DEBUG: Argument type kind: 1, Parameter type kind: 23
DEBUG: Checking if string is assignable to type parameter T
DEBUG: Type parameter has constraint: string
DEBUG: string is assignable to constraint string: YES
DEBUG: Checking argument 1: number vs parameter: U
DEBUG: Argument type kind: 0, Parameter type kind: 23
DEBUG: Checking if number is assignable to type parameter U
DEBUG: Type parameter has constraint: number
DEBUG: number is assignable to constraint number: YES
DEBUG: SymbolTable::lookupSymbol searching for 'processMultiple' starting from scope 0x55ef29fcf850
DEBUG: Scope::lookupSymbol searching for 'processMultiple' in scope 0x55ef29fcf850 (type: 3)
DEBUG: Symbol not found in scope 0x55ef29fcf850, searching parent scope 0x55ef29fcf7a0
DEBUG: Scope::lookupSymbol searching for 'processMultiple' in scope 0x55ef29fcf7a0 (type: 2)
DEBUG: Symbol not found in scope 0x55ef29fcf7a0, searching parent scope 0x55ef29c480b0
DEBUG: Scope::lookupSymbol searching for 'processMultiple' in scope 0x55ef29c480b0 (type: 0)
DEBUG: Found symbol 'processMultiple' in scope 0x55ef29c480b0
DEBUG: Found 'processMultiple' in parent hierarchy
DEBUG: Adding variable multiResult with type: string
DEBUG: Current scope when adding variable: 0x55ef29fcf850
DEBUG: Scope hierarchy when adding variable multiResult:
  Level 0: 0x55ef29fcf850 (type: 3, name: )
  Level 1: 0x55ef29fcf7a0 (type: 2, name: testMinimalRegression)
  Level 2: 0x55ef29c480b0 (type: 0, name: global)
DEBUG: Adding variable allTestsPassed with type: boolean
DEBUG: Current scope when adding variable: 0x55ef29fcf850
DEBUG: Scope hierarchy when adding variable allTestsPassed:
  Level 0: 0x55ef29fcf850 (type: 3, name: )
  Level 1: 0x55ef29fcf7a0 (type: 2, name: testMinimalRegression)
  Level 2: 0x55ef29c480b0 (type: 0, name: global)
DEBUG: SymbolTable::lookupSymbol searching for 'main' starting from scope 0x55ef29c480b0
DEBUG: Scope::lookupSymbol searching for 'main' in scope 0x55ef29c480b0 (type: 0)
DEBUG: Found symbol 'main' in scope 0x55ef29c480b0
DEBUG: Found 'main' in parent hierarchy
DEBUG: SymbolTable::lookupSymbol searching for 'testMinimalRegression' starting from scope 0x55ef29fd0120
DEBUG: Scope::lookupSymbol searching for 'testMinimalRegression' in scope 0x55ef29fd0120 (type: 3)
DEBUG: Symbol not found in scope 0x55ef29fd0120, searching parent scope 0x55ef29fd0090
DEBUG: Scope::lookupSymbol searching for 'testMinimalRegression' in scope 0x55ef29fd0090 (type: 2)
DEBUG: Symbol not found in scope 0x55ef29fd0090, searching parent scope 0x55ef29c480b0
DEBUG: Scope::lookupSymbol searching for 'testMinimalRegression' in scope 0x55ef29c480b0 (type: 0)
DEBUG: Found symbol 'testMinimalRegression' in scope 0x55ef29c480b0
DEBUG: Found 'testMinimalRegression' in parent hierarchy
DEBUG: SymbolTable::lookupSymbol searching for 'testMinimalRegression' starting from scope 0x55ef29fd0120
DEBUG: Scope::lookupSymbol searching for 'testMinimalRegression' in scope 0x55ef29fd0120 (type: 3)
DEBUG: Symbol not found in scope 0x55ef29fd0120, searching parent scope 0x55ef29fd0090
DEBUG: Scope::lookupSymbol searching for 'testMinimalRegression' in scope 0x55ef29fd0090 (type: 2)
DEBUG: Symbol not found in scope 0x55ef29fd0090, searching parent scope 0x55ef29c480b0
DEBUG: Scope::lookupSymbol searching for 'testMinimalRegression' in scope 0x55ef29c480b0 (type: 0)
DEBUG: Found symbol 'testMinimalRegression' in scope 0x55ef29c480b0
DEBUG: Found 'testMinimalRegression' in parent hierarchy
DEBUG: SymbolTable::lookupSymbol searching for 'testMinimalRegression' starting from scope 0x55ef29fd0120
DEBUG: Scope::lookupSymbol searching for 'testMinimalRegression' in scope 0x55ef29fd0120 (type: 3)
DEBUG: Symbol not found in scope 0x55ef29fd0120, searching parent scope 0x55ef29fd0090
DEBUG: Scope::lookupSymbol searching for 'testMinimalRegression' in scope 0x55ef29fd0090 (type: 2)
DEBUG: Symbol not found in scope 0x55ef29fd0090, searching parent scope 0x55ef29c480b0
DEBUG: Scope::lookupSymbol searching for 'testMinimalRegression' in scope 0x55ef29c480b0 (type: 0)
DEBUG: Found symbol 'testMinimalRegression' in scope 0x55ef29c480b0
DEBUG: Found 'testMinimalRegression' in parent hierarchy
DEBUG: SymbolTable::lookupSymbol searching for 'main' starting from scope 0x55ef29c480b0
DEBUG: Scope::lookupSymbol searching for 'main' in scope 0x55ef29c480b0 (type: 0)
DEBUG: Found symbol 'main' in scope 0x55ef29c480b0
DEBUG: Found 'main' in parent hierarchy
DEBUG: SymbolTable::lookupSymbol searching for 'main' starting from scope 0x55ef29c480b0
DEBUG: Scope::lookupSymbol searching for 'main' in scope 0x55ef29c480b0 (type: 0)
DEBUG: Found symbol 'main' in scope 0x55ef29c480b0
DEBUG: Found 'main' in parent hierarchy
DEBUG: SymbolTable::lookupSymbol searching for 'main' starting from scope 0x55ef29c480b0
DEBUG: Scope::lookupSymbol searching for 'main' in scope 0x55ef29c480b0 (type: 0)
DEBUG: Found symbol 'main' in scope 0x55ef29c480b0
DEBUG: Found 'main' in parent hierarchy
DEBUG: *** module.accept(*this) COMPLETED ***
[3] Starting code generation
DEBUG: LLVMCodeGen received SymbolTable at address: 0x55ef29d27a80
DEBUG: Module statement type: N3tsc19FunctionDeclarationE
DEBUG: Adding FunctionDeclaration to functionDecls
DEBUG: Module statement type: N3tsc19FunctionDeclarationE
DEBUG: Adding FunctionDeclaration to functionDecls
DEBUG: Module statement type: N3tsc19FunctionDeclarationE
DEBUG: Adding FunctionDeclaration to functionDecls
DEBUG: Module statement type: N3tsc19FunctionDeclarationE
DEBUG: Adding FunctionDeclaration to functionDecls
DEBUG: Module statement type: N3tsc19FunctionDeclarationE
DEBUG: Adding FunctionDeclaration to functionDecls
DEBUG: Module statement type: N3tsc19ExpressionStatementE
DEBUG: Adding statement to moduleStatements
DEBUG: Processing 0 class declarations
DEBUG: Processing function declaration: processString
DEBUG: Current function context: null
DEBUG: Basic blocks after function creation:
DEBUG: Navigated to scope 0x55ef29fce590 (type: 2, name: processString)
DEBUG: LLVMCodeGen navigated to function scope: processString at address: 0x55ef29fce590
DEBUG: Current scope after navigation: 0x55ef29fce590 (type: 2, name: processString)
DEBUG: Scope hierarchy for function processString:
  Level 0: 0x55ef29fce590 (type: 2, name: processString)
  Level 1: 0x55ef29c480b0 (type: 0, name: global)
DEBUG: Processing function body in generateFunctionBody
DEBUG: Basic blocks before function body processing:
DEBUG: Block 0x55ef29fd0b10 has terminator: NO
DEBUG: LLVMCodeGen processing block with current scope: 0x55ef29fce590
DEBUG: Identifier visitor called for: value
DEBUG: loadVariable called for: value
DEBUG: loadVariable found storage for value: YES
DEBUG: Storage type for value: 14
DEBUG: Checking if storage is GlobalVariable for value
DEBUG: Storage value: 0x55ef29fd1450
DEBUG: Storage is not a GlobalVariable for value
DEBUG: Storage type name: 14
DEBUG: LLVMCodeGen finished processing block with current scope: 0x55ef29fce590
DEBUG: Finished processing function body in generateFunctionBody
DEBUG: Basic blocks after function body processing:
DEBUG: Block 0x55ef29fd0b10 has terminator: YES
DEBUG: Checking terminator after function body processing
DEBUG: Current block: 0x55ef29fd0b10
DEBUG: Current block has terminator: YES
DEBUG: Function already has terminator after body processing
DEBUG: About to check for terminator in generateFunctionBody
DEBUG: Function already has terminator
DEBUG: Checking all basic blocks in function processString
DEBUG: Block 0x55ef29fd0b10 has terminator: YES
DEBUG: Checking all basic blocks after ensuring terminators
DEBUG: Block 0x55ef29fd0b10 has terminator: YES
DEBUG: Popped scope, current scope: 0x55ef29c480b0 (type: 0, name: global)
DEBUG: LLVMCodeGen finished processing function: processString with current scope: 0x55ef29c480b0
DEBUG: Processing function declaration: processNumber
DEBUG: Current function context: null
DEBUG: Basic blocks after function creation:
DEBUG: Navigated to scope 0x55ef29fceb50 (type: 2, name: processNumber)
DEBUG: LLVMCodeGen navigated to function scope: processNumber at address: 0x55ef29fceb50
DEBUG: Current scope after navigation: 0x55ef29fceb50 (type: 2, name: processNumber)
DEBUG: Scope hierarchy for function processNumber:
  Level 0: 0x55ef29fceb50 (type: 2, name: processNumber)
  Level 1: 0x55ef29c480b0 (type: 0, name: global)
DEBUG: Processing function body in generateFunctionBody
DEBUG: Basic blocks before function body processing:
DEBUG: Block 0x55ef29fd1c80 has terminator: NO
DEBUG: LLVMCodeGen processing block with current scope: 0x55ef29fceb50
DEBUG: Identifier visitor called for: value
DEBUG: loadVariable called for: value
DEBUG: loadVariable found storage for value: YES
DEBUG: Storage type for value: 14
DEBUG: Checking if storage is GlobalVariable for value
DEBUG: Storage value: 0x55ef29fd1d20
DEBUG: Storage is not a GlobalVariable for value
DEBUG: Storage type name: 14
DEBUG: LLVMCodeGen finished processing block with current scope: 0x55ef29fceb50
DEBUG: Finished processing function body in generateFunctionBody
DEBUG: Basic blocks after function body processing:
DEBUG: Block 0x55ef29fd1c80 has terminator: YES
DEBUG: Checking terminator after function body processing
DEBUG: Current block: 0x55ef29fd1c80
DEBUG: Current block has terminator: YES
DEBUG: Function already has terminator after body processing
DEBUG: About to check for terminator in generateFunctionBody
DEBUG: Function already has terminator
DEBUG: Checking all basic blocks in function processNumber
DEBUG: Block 0x55ef29fd1c80 has terminator: YES
DEBUG: Checking all basic blocks after ensuring terminators
DEBUG: Block 0x55ef29fd1c80 has terminator: YES
DEBUG: Popped scope, current scope: 0x55ef29c480b0 (type: 0, name: global)
DEBUG: LLVMCodeGen finished processing function: processNumber with current scope: 0x55ef29c480b0
DEBUG: Processing function declaration: processMultiple
DEBUG: Current function context: null
DEBUG: getStringType() returning type: 14
DEBUG: Basic blocks after function creation:
DEBUG: Navigated to scope 0x55ef29fcefd0 (type: 2, name: processMultiple)
DEBUG: LLVMCodeGen navigated to function scope: processMultiple at address: 0x55ef29fcefd0
DEBUG: Current scope after navigation: 0x55ef29fcefd0 (type: 2, name: processMultiple)
DEBUG: Scope hierarchy for function processMultiple:
  Level 0: 0x55ef29fcefd0 (type: 2, name: processMultiple)
  Level 1: 0x55ef29c480b0 (type: 0, name: global)
DEBUG: Processing function body in generateFunctionBody
DEBUG: Basic blocks before function body processing:
DEBUG: Block 0x55ef29fd21e0 has terminator: NO
DEBUG: LLVMCodeGen processing block with current scope: 0x55ef29fcefd0
DEBUG: Identifier visitor called for: str
DEBUG: loadVariable called for: str
DEBUG: loadVariable found storage for str: YES
DEBUG: Storage type for str: 14
DEBUG: Checking if storage is GlobalVariable for str
DEBUG: Storage value: 0x55ef29fd2280
DEBUG: Storage is not a GlobalVariable for str
DEBUG: Storage type name: 14
DEBUG: getStringType() returning type: 14
DEBUG: getStringType() returning type: 14
DEBUG: getStringType() returning type: 14
DEBUG: getStringType() returning type: 14
DEBUG: getStringType() returning type: 14
DEBUG: getStringType() returning type: 14
DEBUG: getStringType() returning type: 14
DEBUG: LLVMCodeGen finished processing block with current scope: 0x55ef29fcefd0
DEBUG: Finished processing function body in generateFunctionBody
DEBUG: Basic blocks after function body processing:
DEBUG: Block 0x55ef29fd21e0 has terminator: YES
DEBUG: Checking terminator after function body processing
DEBUG: Current block: 0x55ef29fd21e0
DEBUG: Current block has terminator: YES
DEBUG: Function already has terminator after body processing
DEBUG: About to check for terminator in generateFunctionBody
DEBUG: Function already has terminator
DEBUG: Checking all basic blocks in function processMultiple
DEBUG: Block 0x55ef29fd21e0 has terminator: YES
DEBUG: Checking all basic blocks after ensuring terminators
DEBUG: Block 0x55ef29fd21e0 has terminator: YES
DEBUG: Popped scope, current scope: 0x55ef29c480b0 (type: 0, name: global)
DEBUG: LLVMCodeGen finished processing function: processMultiple with current scope: 0x55ef29c480b0
DEBUG: Processing function declaration: testMinimalRegression
DEBUG: Current function context: null
DEBUG: Basic blocks after function creation:
DEBUG: Navigated to scope 0x55ef29fcf7a0 (type: 2, name: testMinimalRegression)
DEBUG: LLVMCodeGen navigated to function scope: testMinimalRegression at address: 0x55ef29fcf7a0
DEBUG: Current scope after navigation: 0x55ef29fcf7a0 (type: 2, name: testMinimalRegression)
DEBUG: Scope hierarchy for function testMinimalRegression:
  Level 0: 0x55ef29fcf7a0 (type: 2, name: testMinimalRegression)
  Level 1: 0x55ef29c480b0 (type: 0, name: global)
DEBUG: Processing function body in generateFunctionBody
DEBUG: Basic blocks before function body processing:
DEBUG: Block 0x55ef29fd30f0 has terminator: NO
DEBUG: LLVMCodeGen processing block with current scope: 0x55ef29fcf7a0
DEBUG: VariableDeclaration visitor called for variable: strResult
DEBUG: SymbolTable::lookupSymbol searching for 'strResult' starting from scope 0x55ef29fcf7a0
DEBUG: Scope::lookupSymbol searching for 'strResult' in scope 0x55ef29fcf7a0 (type: 2)
DEBUG: Symbol not found in scope 0x55ef29fcf7a0, searching parent scope 0x55ef29c480b0
DEBUG: Scope::lookupSymbol searching for 'strResult' in scope 0x55ef29c480b0 (type: 0)
DEBUG: Symbol 'strResult' not found in any scope
DEBUG: Not found in parent hierarchy, searching child scopes...
DEBUG: Found 'strResult' in child scopes
DEBUG: Variable strResult using symbol table type: T
DEBUG: CallExpression visitor called
DEBUG: Identifier visitor called for: processString
DEBUG: getStringType() returning type: 14
DEBUG: Created non-void function call to processString
DEBUG: Function call generated in block: entry
DEBUG: Variable strResult allocated storage: YES
DEBUG: Variable strResult initValue: YES storage: YES
DEBUG: Variable strResult currentFunc: testMinimalRegression
DEBUG: Storing as local variable: strResult
DEBUG: VariableDeclaration visitor called for variable: numResult
DEBUG: SymbolTable::lookupSymbol searching for 'numResult' starting from scope 0x55ef29fcf7a0
DEBUG: Scope::lookupSymbol searching for 'numResult' in scope 0x55ef29fcf7a0 (type: 2)
DEBUG: Symbol not found in scope 0x55ef29fcf7a0, searching parent scope 0x55ef29c480b0
DEBUG: Scope::lookupSymbol searching for 'numResult' in scope 0x55ef29c480b0 (type: 0)
DEBUG: Symbol 'numResult' not found in any scope
DEBUG: Not found in parent hierarchy, searching child scopes...
DEBUG: Found 'numResult' in child scopes
DEBUG: Variable numResult using symbol table type: T
DEBUG: CallExpression visitor called
DEBUG: Identifier visitor called for: processNumber
DEBUG: Created non-void function call to processNumber
DEBUG: Function call generated in block: entry
DEBUG: Variable numResult allocated storage: YES
DEBUG: Variable numResult initValue: YES storage: YES
DEBUG: Variable numResult currentFunc: testMinimalRegression
DEBUG: Storing as local variable: numResult
DEBUG: VariableDeclaration visitor called for variable: multiResult
DEBUG: SymbolTable::lookupSymbol searching for 'multiResult' starting from scope 0x55ef29fcf7a0
DEBUG: Scope::lookupSymbol searching for 'multiResult' in scope 0x55ef29fcf7a0 (type: 2)
DEBUG: Symbol not found in scope 0x55ef29fcf7a0, searching parent scope 0x55ef29c480b0
DEBUG: Scope::lookupSymbol searching for 'multiResult' in scope 0x55ef29c480b0 (type: 0)
DEBUG: Symbol 'multiResult' not found in any scope
DEBUG: Not found in parent hierarchy, searching child scopes...
DEBUG: Found 'multiResult' in child scopes
DEBUG: getStringType() returning type: 14
DEBUG: Variable multiResult using symbol table type: string
DEBUG: CallExpression visitor called
DEBUG: Identifier visitor called for: processMultiple
DEBUG: getStringType() returning type: 14
DEBUG: Created non-void function call to processMultiple
DEBUG: Function call generated in block: entry
DEBUG: Variable multiResult allocated storage: YES
DEBUG: Variable multiResult initValue: YES storage: YES
DEBUG: Variable multiResult currentFunc: testMinimalRegression
DEBUG: Storing as local variable: multiResult
DEBUG: VariableDeclaration visitor called for variable: allTestsPassed
DEBUG: SymbolTable::lookupSymbol searching for 'allTestsPassed' starting from scope 0x55ef29fcf7a0
DEBUG: Scope::lookupSymbol searching for 'allTestsPassed' in scope 0x55ef29fcf7a0 (type: 2)
DEBUG: Symbol not found in scope 0x55ef29fcf7a0, searching parent scope 0x55ef29c480b0
DEBUG: Scope::lookupSymbol searching for 'allTestsPassed' in scope 0x55ef29c480b0 (type: 0)
DEBUG: Symbol 'allTestsPassed' not found in any scope
DEBUG: Not found in parent hierarchy, searching child scopes...
DEBUG: Found 'allTestsPassed' in child scopes
DEBUG: Variable allTestsPassed using symbol table type: boolean
DEBUG: Variable allTestsPassed allocated storage: YES
DEBUG: Variable allTestsPassed initValue: YES storage: YES
DEBUG: Variable allTestsPassed currentFunc: testMinimalRegression
DEBUG: Storing as local variable: allTestsPassed
DEBUG: LLVMCodeGen finished processing block with current scope: 0x55ef29fcf7a0
DEBUG: Finished processing function body in generateFunctionBody
DEBUG: Basic blocks after function body processing:
DEBUG: Block 0x55ef29fd30f0 has terminator: NO
DEBUG: Checking terminator after function body processing
DEBUG: Current block: 0x55ef29fd30f0
DEBUG: Current block has terminator: NO
DEBUG: Function does NOT have terminator after body processing
DEBUG: About to check for terminator in generateFunctionBody
DEBUG: No terminator found, adding return statement
DEBUG: About to call CreateRetVoid
DEBUG: CreateRetVoid called successfully
DEBUG: Current block after CreateRetVoid: 0x55ef29fd30f0
DEBUG: Terminator successfully added to block 0x55ef29fd30f0
DEBUG: Checking all basic blocks in function testMinimalRegression
DEBUG: Block 0x55ef29fd30f0 has terminator: YES
DEBUG: Checking all basic blocks after ensuring terminators
DEBUG: Block 0x55ef29fd30f0 has terminator: YES
DEBUG: Popped scope, current scope: 0x55ef29c480b0 (type: 0, name: global)
DEBUG: LLVMCodeGen finished processing function: testMinimalRegression with current scope: 0x55ef29c480b0
DEBUG: Processing function declaration: main
DEBUG: Current function context: null
DEBUG: Basic blocks after function creation:
DEBUG: Navigated to scope 0x55ef29fd0090 (type: 2, name: main)
DEBUG: LLVMCodeGen navigated to function scope: main at address: 0x55ef29fd0090
DEBUG: Current scope after navigation: 0x55ef29fd0090 (type: 2, name: main)
DEBUG: Scope hierarchy for function main:
  Level 0: 0x55ef29fd0090 (type: 2, name: main)
  Level 1: 0x55ef29c480b0 (type: 0, name: global)
DEBUG: Main function scope - checking for symbols...
DEBUG: Main function scope address: 0x55ef29fd0090
DEBUG: Processing function body in generateFunctionBody
DEBUG: Basic blocks before function body processing:
DEBUG: Block 0x55ef29fd4f30 has terminator: NO
DEBUG: LLVMCodeGen processing block with current scope: 0x55ef29fd0090
DEBUG: ExpressionStatement visitor called
DEBUG: CallExpression visitor called
DEBUG: Identifier visitor called for: testMinimalRegression
DEBUG: Created void function call to testMinimalRegression
DEBUG: Function call generated in block: entry
DEBUG: LLVMCodeGen finished processing block with current scope: 0x55ef29fd0090
DEBUG: Finished processing function body in generateFunctionBody
DEBUG: Basic blocks after function body processing:
DEBUG: Block 0x55ef29fd4f30 has terminator: NO
DEBUG: Checking terminator after function body processing
DEBUG: Current block: 0x55ef29fd4f30
DEBUG: Current block has terminator: NO
DEBUG: Function does NOT have terminator after body processing
DEBUG: About to check for terminator in generateFunctionBody
DEBUG: No terminator found, adding return statement
DEBUG: Added default return
DEBUG: Checking all basic blocks in function main
DEBUG: Block 0x55ef29fd4f30 has terminator: YES
DEBUG: Checking all basic blocks after ensuring terminators
DEBUG: Block 0x55ef29fd4f30 has terminator: YES
DEBUG: Popped scope, current scope: 0x55ef29c480b0 (type: 0, name: global)
DEBUG: LLVMCodeGen finished processing function: main with current scope: 0x55ef29c480b0
DEBUG: Checking main function generation: moduleStatements=1, mainExists=true, generateMainFunction=true
DEBUG: Starting LLVM IR verification...
DEBUG: Module has 6 functions
DEBUG: Verification result: FAILED
WARNING: LLVM IR verification failed, but continuing...
WARNING: This may be due to unused external function declarations
DEBUG: Attempting to create IR file...
DEBUG: IR file created successfully, printing module...
DEBUG: LLVM IR dumped to generated_ir.ll
