Detected host target triple: x86_64-pc-linux-gnu
Initializing LLVM targets...
Successfully initialized all LLVM targets
Discovering available targets from LLVM...
Discovered target: xtensa
Discovered target: m68k
Discovered target: xcore
Discovered target: x86-64
Discovered target: x86
Discovered target: wasm64
Discovered target: wasm32
Discovered target: ve
Discovered target: systemz
Discovered target: spirv
Discovered target: spirv64
Discovered target: spirv32
Discovered target: sparcel
Discovered target: sparcv9
Discovered target: sparc
Discovered target: riscv64
Discovered target: riscv32
Discovered target: ppc64le
Discovered target: ppc64
Discovered target: ppc32le
Discovered target: ppc32
Discovered target: nvptx64
Discovered target: nvptx
Discovered target: msp430
Discovered target: mips64el
Discovered target: mips64
Discovered target: mipsel
Discovered target: mips
Discovered target: loongarch64
Discovered target: loongarch32
Discovered target: lanai
Discovered target: hexagon
Discovered target: bpfeb
Discovered target: bpfel
Discovered target: bpf
Discovered target: avr
Discovered target: thumbeb
Discovered target: thumb
Discovered target: armeb
Discovered target: arm
Discovered target: amdgcn
Discovered target: r600
Discovered target: aarch64_32
Discovered target: aarch64_be
Discovered target: aarch64
Discovered target: arm64_32
Discovered target: arm64
Target registry initialized successfully with 47 targets
Supported targets: 47/47
DEBUG: Created ModuleSymbolManager
DEBUG: SemanticAnalyzer created SymbolTable at address: 0x55b1b7148ad0
DEBUG: Created Infinity global variable with linkage: 0
[0] Starting lexical analysis
[1] Starting syntax analysis
DEBUG: Parser::parse() called with 87 tokens for file: /workspace/tests/regression/generic_constraints/constraint_violation_regression.ts
DEBUG: Parser::parseModule() called
DEBUG: Starting parseModule loop, isAtEnd(): 0
DEBUG: parseModule loop iteration, calling parseStatement()
DEBUG: parseStatement() called
DEBUG: parseStatement() called
DEBUG: Current token type: 1
DEBUG: parseStatement returned a statement
DEBUG: parseModule loop iteration, calling parseStatement()
DEBUG: parseStatement() called
DEBUG: parseStatement() called
DEBUG: Current token type: 1
DEBUG: parseStatement returned a statement
DEBUG: parseModule loop iteration, calling parseStatement()
DEBUG: parseStatement() called
DEBUG: parseStatement() called
DEBUG: Current token type: 1
DEBUG: parseStatement returned a statement
DEBUG: parseModule loop iteration, calling parseStatement()
DEBUG: parseStatement() called
DEBUG: parseStatement() called
DEBUG: parseVariableStatement called, current token: Identifier(constraintViolationsDocumented)
DEBUG: Current token type: 46
DEBUG: parseStatement returned a statement
DEBUG: parseModule loop iteration, calling parseStatement()
DEBUG: parseStatement() called
DEBUG: parseStatement() called
DEBUG: Current token type: 1
DEBUG: parseStatement returned a statement
DEBUG: parseModule loop iteration, calling parseStatement()
DEBUG: parseStatement() called
DEBUG: Current token type: 1
DEBUG: parseStatement returned a statement
[2] Starting semantic analysis
DEBUG: *** ANALYZE METHOD CALLED *** for module
DEBUG: *** CALLING performSymbolResolution ***
DEBUG: *** performSymbolResolution CALLED ***
DEBUG: collectFunctionDeclarations found 6 statements
DEBUG: Processing statement type: N3tsc19FunctionDeclarationE
DEBUG: Found function declaration: processString
DEBUG: Processing statement type: N3tsc19FunctionDeclarationE
DEBUG: Found function declaration: processNumber
DEBUG: Processing statement type: N3tsc19FunctionDeclarationE
DEBUG: Found function declaration: processBoolean
DEBUG: Processing statement type: N3tsc19FunctionDeclarationE
DEBUG: Found function declaration: testConstraintViolationsRegression
DEBUG: Processing statement type: N3tsc19FunctionDeclarationE
DEBUG: Found function declaration: main
DEBUG: Processing statement type: N3tsc19ExpressionStatementE
DEBUG: *** CALLING module.accept(*this) ***
DEBUG: SymbolTable::lookupSymbol searching for 'processString' starting from scope 0x55b1b70690b0
DEBUG: Scope::lookupSymbol searching for 'processString' in scope 0x55b1b70690b0 (type: 0)
DEBUG: Found symbol 'processString' in scope 0x55b1b70690b0
DEBUG: Found 'processString' in parent hierarchy
DEBUG: declareSymbol called for: T (kind: 10)
DEBUG: Symbol successfully declared: T
DEBUG: SymbolTable::lookupSymbol searching for 'T' starting from scope 0x55b1b706a0d0
DEBUG: Scope::lookupSymbol searching for 'T' in scope 0x55b1b706a0d0 (type: 2)
DEBUG: Found symbol 'T' in scope 0x55b1b706a0d0
DEBUG: Found 'T' in parent hierarchy
DEBUG: resolveType looking up 'T': found
DEBUG: Symbol kind: 10
DEBUG: Symbol type: T
DEBUG: Symbol type kind: 23
DEBUG: resolveType returning resolved type: T (kind: 23)
DEBUG: Processing parameter 'value' with type: T
DEBUG: Parameter type kind before resolve: 12
DEBUG: SymbolTable::lookupSymbol searching for 'T' starting from scope 0x55b1b706a0d0
DEBUG: Scope::lookupSymbol searching for 'T' in scope 0x55b1b706a0d0 (type: 2)
DEBUG: Found symbol 'T' in scope 0x55b1b706a0d0
DEBUG: Found 'T' in parent hierarchy
DEBUG: resolveType looking up 'T': found
DEBUG: Symbol kind: 10
DEBUG: Symbol type: T
DEBUG: Symbol type kind: 23
DEBUG: resolveType returning resolved type: T (kind: 23)
DEBUG: Parameter type kind after resolve: 23
DEBUG: SymbolTable::lookupSymbol searching for 'value' starting from scope 0x55b1b706a160
DEBUG: Scope::lookupSymbol searching for 'value' in scope 0x55b1b706a160 (type: 3)
DEBUG: Symbol not found in scope 0x55b1b706a160, searching parent scope 0x55b1b706a0d0
DEBUG: Scope::lookupSymbol searching for 'value' in scope 0x55b1b706a0d0 (type: 2)
DEBUG: Found symbol 'value' in scope 0x55b1b706a0d0
DEBUG: Found 'value' in parent hierarchy
DEBUG: SymbolTable::lookupSymbol searching for 'T' starting from scope 0x55b1b706a160
DEBUG: Scope::lookupSymbol searching for 'T' in scope 0x55b1b706a160 (type: 3)
DEBUG: Symbol not found in scope 0x55b1b706a160, searching parent scope 0x55b1b706a0d0
DEBUG: Scope::lookupSymbol searching for 'T' in scope 0x55b1b706a0d0 (type: 2)
DEBUG: Found symbol 'T' in scope 0x55b1b706a0d0
DEBUG: Found 'T' in parent hierarchy
DEBUG: resolveType looking up 'T': found
DEBUG: Symbol kind: 10
DEBUG: Symbol type: T
DEBUG: Symbol type kind: 23
DEBUG: resolveType returning resolved type: T (kind: 23)
DEBUG: SymbolTable::lookupSymbol searching for 'processNumber' starting from scope 0x55b1b70690b0
DEBUG: Scope::lookupSymbol searching for 'processNumber' in scope 0x55b1b70690b0 (type: 0)
DEBUG: Found symbol 'processNumber' in scope 0x55b1b70690b0
DEBUG: Found 'processNumber' in parent hierarchy
DEBUG: declareSymbol called for: T (kind: 10)
DEBUG: Symbol successfully declared: T
DEBUG: SymbolTable::lookupSymbol searching for 'T' starting from scope 0x55b1b73ea4f0
DEBUG: Scope::lookupSymbol searching for 'T' in scope 0x55b1b73ea4f0 (type: 2)
DEBUG: Found symbol 'T' in scope 0x55b1b73ea4f0
DEBUG: Found 'T' in parent hierarchy
DEBUG: resolveType looking up 'T': found
DEBUG: Symbol kind: 10
DEBUG: Symbol type: T
DEBUG: Symbol type kind: 23
DEBUG: resolveType returning resolved type: T (kind: 23)
DEBUG: Processing parameter 'value' with type: T
DEBUG: Parameter type kind before resolve: 12
DEBUG: SymbolTable::lookupSymbol searching for 'T' starting from scope 0x55b1b73ea4f0
DEBUG: Scope::lookupSymbol searching for 'T' in scope 0x55b1b73ea4f0 (type: 2)
DEBUG: Found symbol 'T' in scope 0x55b1b73ea4f0
DEBUG: Found 'T' in parent hierarchy
DEBUG: resolveType looking up 'T': found
DEBUG: Symbol kind: 10
DEBUG: Symbol type: T
DEBUG: Symbol type kind: 23
DEBUG: resolveType returning resolved type: T (kind: 23)
DEBUG: Parameter type kind after resolve: 23
DEBUG: SymbolTable::lookupSymbol searching for 'value' starting from scope 0x55b1b73ea8b0
DEBUG: Scope::lookupSymbol searching for 'value' in scope 0x55b1b73ea8b0 (type: 3)
DEBUG: Symbol not found in scope 0x55b1b73ea8b0, searching parent scope 0x55b1b73ea4f0
DEBUG: Scope::lookupSymbol searching for 'value' in scope 0x55b1b73ea4f0 (type: 2)
DEBUG: Found symbol 'value' in scope 0x55b1b73ea4f0
DEBUG: Found 'value' in parent hierarchy
DEBUG: SymbolTable::lookupSymbol searching for 'T' starting from scope 0x55b1b73ea8b0
DEBUG: Scope::lookupSymbol searching for 'T' in scope 0x55b1b73ea8b0 (type: 3)
DEBUG: Symbol not found in scope 0x55b1b73ea8b0, searching parent scope 0x55b1b73ea4f0
DEBUG: Scope::lookupSymbol searching for 'T' in scope 0x55b1b73ea4f0 (type: 2)
DEBUG: Found symbol 'T' in scope 0x55b1b73ea4f0
DEBUG: Found 'T' in parent hierarchy
DEBUG: resolveType looking up 'T': found
DEBUG: Symbol kind: 10
DEBUG: Symbol type: T
DEBUG: Symbol type kind: 23
DEBUG: resolveType returning resolved type: T (kind: 23)
DEBUG: SymbolTable::lookupSymbol searching for 'processBoolean' starting from scope 0x55b1b70690b0
DEBUG: Scope::lookupSymbol searching for 'processBoolean' in scope 0x55b1b70690b0 (type: 0)
DEBUG: Found symbol 'processBoolean' in scope 0x55b1b70690b0
DEBUG: Found 'processBoolean' in parent hierarchy
DEBUG: declareSymbol called for: T (kind: 10)
DEBUG: Symbol successfully declared: T
DEBUG: SymbolTable::lookupSymbol searching for 'T' starting from scope 0x55b1b73ea990
DEBUG: Scope::lookupSymbol searching for 'T' in scope 0x55b1b73ea990 (type: 2)
DEBUG: Found symbol 'T' in scope 0x55b1b73ea990
DEBUG: Found 'T' in parent hierarchy
DEBUG: resolveType looking up 'T': found
DEBUG: Symbol kind: 10
DEBUG: Symbol type: T
DEBUG: Symbol type kind: 23
DEBUG: resolveType returning resolved type: T (kind: 23)
DEBUG: Processing parameter 'value' with type: T
DEBUG: Parameter type kind before resolve: 12
DEBUG: SymbolTable::lookupSymbol searching for 'T' starting from scope 0x55b1b73ea990
DEBUG: Scope::lookupSymbol searching for 'T' in scope 0x55b1b73ea990 (type: 2)
DEBUG: Found symbol 'T' in scope 0x55b1b73ea990
DEBUG: Found 'T' in parent hierarchy
DEBUG: resolveType looking up 'T': found
DEBUG: Symbol kind: 10
DEBUG: Symbol type: T
DEBUG: Symbol type kind: 23
DEBUG: resolveType returning resolved type: T (kind: 23)
DEBUG: Parameter type kind after resolve: 23
DEBUG: SymbolTable::lookupSymbol searching for 'value' starting from scope 0x55b1b73ead60
DEBUG: Scope::lookupSymbol searching for 'value' in scope 0x55b1b73ead60 (type: 3)
DEBUG: Symbol not found in scope 0x55b1b73ead60, searching parent scope 0x55b1b73ea990
DEBUG: Scope::lookupSymbol searching for 'value' in scope 0x55b1b73ea990 (type: 2)
DEBUG: Found symbol 'value' in scope 0x55b1b73ea990
DEBUG: Found 'value' in parent hierarchy
DEBUG: SymbolTable::lookupSymbol searching for 'T' starting from scope 0x55b1b73ead60
DEBUG: Scope::lookupSymbol searching for 'T' in scope 0x55b1b73ead60 (type: 3)
DEBUG: Symbol not found in scope 0x55b1b73ead60, searching parent scope 0x55b1b73ea990
DEBUG: Scope::lookupSymbol searching for 'T' in scope 0x55b1b73ea990 (type: 2)
DEBUG: Found symbol 'T' in scope 0x55b1b73ea990
DEBUG: Found 'T' in parent hierarchy
DEBUG: resolveType looking up 'T': found
DEBUG: Symbol kind: 10
DEBUG: Symbol type: T
DEBUG: Symbol type kind: 23
DEBUG: resolveType returning resolved type: T (kind: 23)
DEBUG: SymbolTable::lookupSymbol searching for 'testConstraintViolationsRegression' starting from scope 0x55b1b70690b0
DEBUG: Scope::lookupSymbol searching for 'testConstraintViolationsRegression' in scope 0x55b1b70690b0 (type: 0)
DEBUG: Found symbol 'testConstraintViolationsRegression' in scope 0x55b1b70690b0
DEBUG: Found 'testConstraintViolationsRegression' in parent hierarchy
DEBUG: Adding variable constraintViolationsDocumented with type: boolean
DEBUG: Current scope when adding variable: 0x55b1b73eaf30
DEBUG: Scope hierarchy when adding variable constraintViolationsDocumented:
  Level 0: 0x55b1b73eaf30 (type: 3, name: )
  Level 1: 0x55b1b73eae70 (type: 2, name: testConstraintViolationsRegression)
  Level 2: 0x55b1b70690b0 (type: 0, name: global)
DEBUG: SymbolTable::lookupSymbol searching for 'main' starting from scope 0x55b1b70690b0
DEBUG: Scope::lookupSymbol searching for 'main' in scope 0x55b1b70690b0 (type: 0)
DEBUG: Found symbol 'main' in scope 0x55b1b70690b0
DEBUG: Found 'main' in parent hierarchy
DEBUG: SymbolTable::lookupSymbol searching for 'testConstraintViolationsRegression' starting from scope 0x55b1b73eb2a0
DEBUG: Scope::lookupSymbol searching for 'testConstraintViolationsRegression' in scope 0x55b1b73eb2a0 (type: 3)
DEBUG: Symbol not found in scope 0x55b1b73eb2a0, searching parent scope 0x55b1b73eb1c0
DEBUG: Scope::lookupSymbol searching for 'testConstraintViolationsRegression' in scope 0x55b1b73eb1c0 (type: 2)
DEBUG: Symbol not found in scope 0x55b1b73eb1c0, searching parent scope 0x55b1b70690b0
DEBUG: Scope::lookupSymbol searching for 'testConstraintViolationsRegression' in scope 0x55b1b70690b0 (type: 0)
DEBUG: Found symbol 'testConstraintViolationsRegression' in scope 0x55b1b70690b0
DEBUG: Found 'testConstraintViolationsRegression' in parent hierarchy
DEBUG: SymbolTable::lookupSymbol searching for 'testConstraintViolationsRegression' starting from scope 0x55b1b73eb2a0
DEBUG: Scope::lookupSymbol searching for 'testConstraintViolationsRegression' in scope 0x55b1b73eb2a0 (type: 3)
DEBUG: Symbol not found in scope 0x55b1b73eb2a0, searching parent scope 0x55b1b73eb1c0
DEBUG: Scope::lookupSymbol searching for 'testConstraintViolationsRegression' in scope 0x55b1b73eb1c0 (type: 2)
DEBUG: Symbol not found in scope 0x55b1b73eb1c0, searching parent scope 0x55b1b70690b0
DEBUG: Scope::lookupSymbol searching for 'testConstraintViolationsRegression' in scope 0x55b1b70690b0 (type: 0)
DEBUG: Found symbol 'testConstraintViolationsRegression' in scope 0x55b1b70690b0
DEBUG: Found 'testConstraintViolationsRegression' in parent hierarchy
DEBUG: SymbolTable::lookupSymbol searching for 'testConstraintViolationsRegression' starting from scope 0x55b1b73eb2a0
DEBUG: Scope::lookupSymbol searching for 'testConstraintViolationsRegression' in scope 0x55b1b73eb2a0 (type: 3)
DEBUG: Symbol not found in scope 0x55b1b73eb2a0, searching parent scope 0x55b1b73eb1c0
DEBUG: Scope::lookupSymbol searching for 'testConstraintViolationsRegression' in scope 0x55b1b73eb1c0 (type: 2)
DEBUG: Symbol not found in scope 0x55b1b73eb1c0, searching parent scope 0x55b1b70690b0
DEBUG: Scope::lookupSymbol searching for 'testConstraintViolationsRegression' in scope 0x55b1b70690b0 (type: 0)
DEBUG: Found symbol 'testConstraintViolationsRegression' in scope 0x55b1b70690b0
DEBUG: Found 'testConstraintViolationsRegression' in parent hierarchy
DEBUG: SymbolTable::lookupSymbol searching for 'main' starting from scope 0x55b1b70690b0
DEBUG: Scope::lookupSymbol searching for 'main' in scope 0x55b1b70690b0 (type: 0)
DEBUG: Found symbol 'main' in scope 0x55b1b70690b0
DEBUG: Found 'main' in parent hierarchy
DEBUG: SymbolTable::lookupSymbol searching for 'main' starting from scope 0x55b1b70690b0
DEBUG: Scope::lookupSymbol searching for 'main' in scope 0x55b1b70690b0 (type: 0)
DEBUG: Found symbol 'main' in scope 0x55b1b70690b0
DEBUG: Found 'main' in parent hierarchy
DEBUG: SymbolTable::lookupSymbol searching for 'main' starting from scope 0x55b1b70690b0
DEBUG: Scope::lookupSymbol searching for 'main' in scope 0x55b1b70690b0 (type: 0)
DEBUG: Found symbol 'main' in scope 0x55b1b70690b0
DEBUG: Found 'main' in parent hierarchy
DEBUG: *** module.accept(*this) COMPLETED ***
[3] Starting code generation
DEBUG: LLVMCodeGen received SymbolTable at address: 0x55b1b7148ad0
DEBUG: Module statement type: N3tsc19FunctionDeclarationE
DEBUG: Adding FunctionDeclaration to functionDecls
DEBUG: Module statement type: N3tsc19FunctionDeclarationE
DEBUG: Adding FunctionDeclaration to functionDecls
DEBUG: Module statement type: N3tsc19FunctionDeclarationE
DEBUG: Adding FunctionDeclaration to functionDecls
DEBUG: Module statement type: N3tsc19FunctionDeclarationE
DEBUG: Adding FunctionDeclaration to functionDecls
DEBUG: Module statement type: N3tsc19FunctionDeclarationE
DEBUG: Adding FunctionDeclaration to functionDecls
DEBUG: Module statement type: N3tsc19ExpressionStatementE
DEBUG: Adding statement to moduleStatements
DEBUG: Processing 0 class declarations
DEBUG: Processing function declaration: processString
DEBUG: Current function context: null
DEBUG: Basic blocks after function creation:
DEBUG: Navigated to scope 0x55b1b706a0d0 (type: 2, name: processString)
DEBUG: LLVMCodeGen navigated to function scope: processString at address: 0x55b1b706a0d0
DEBUG: Current scope after navigation: 0x55b1b706a0d0 (type: 2, name: processString)
DEBUG: Scope hierarchy for function processString:
  Level 0: 0x55b1b706a0d0 (type: 2, name: processString)
  Level 1: 0x55b1b70690b0 (type: 0, name: global)
DEBUG: Processing function body in generateFunctionBody
DEBUG: Basic blocks before function body processing:
DEBUG: Block 0x55b1b73ec570 has terminator: NO
DEBUG: LLVMCodeGen processing block with current scope: 0x55b1b706a0d0
DEBUG: Identifier visitor called for: value
DEBUG: loadVariable called for: value
DEBUG: loadVariable found storage for value: YES
DEBUG: Storage type for value: 14
DEBUG: Checking if storage is GlobalVariable for value
DEBUG: Storage value: 0x55b1b73ec610
DEBUG: Storage is not a GlobalVariable for value
DEBUG: Storage type name: 14
DEBUG: LLVMCodeGen finished processing block with current scope: 0x55b1b706a0d0
DEBUG: Finished processing function body in generateFunctionBody
DEBUG: Basic blocks after function body processing:
DEBUG: Block 0x55b1b73ec570 has terminator: YES
DEBUG: Checking terminator after function body processing
DEBUG: Current block: 0x55b1b73ec570
DEBUG: Current block has terminator: YES
DEBUG: Function already has terminator after body processing
DEBUG: About to check for terminator in generateFunctionBody
DEBUG: Function already has terminator
DEBUG: Checking all basic blocks in function processString
DEBUG: Block 0x55b1b73ec570 has terminator: YES
DEBUG: Checking all basic blocks after ensuring terminators
DEBUG: Block 0x55b1b73ec570 has terminator: YES
DEBUG: Popped scope, current scope: 0x55b1b70690b0 (type: 0, name: global)
DEBUG: LLVMCodeGen finished processing function: processString with current scope: 0x55b1b70690b0
DEBUG: Processing function declaration: processNumber
DEBUG: Current function context: null
DEBUG: Basic blocks after function creation:
DEBUG: Navigated to scope 0x55b1b73ea4f0 (type: 2, name: processNumber)
DEBUG: LLVMCodeGen navigated to function scope: processNumber at address: 0x55b1b73ea4f0
DEBUG: Current scope after navigation: 0x55b1b73ea4f0 (type: 2, name: processNumber)
DEBUG: Scope hierarchy for function processNumber:
  Level 0: 0x55b1b73ea4f0 (type: 2, name: processNumber)
  Level 1: 0x55b1b70690b0 (type: 0, name: global)
DEBUG: Processing function body in generateFunctionBody
DEBUG: Basic blocks before function body processing:
DEBUG: Block 0x55b1b73ecbd0 has terminator: NO
DEBUG: LLVMCodeGen processing block with current scope: 0x55b1b73ea4f0
DEBUG: Identifier visitor called for: value
DEBUG: loadVariable called for: value
DEBUG: loadVariable found storage for value: YES
DEBUG: Storage type for value: 14
DEBUG: Checking if storage is GlobalVariable for value
DEBUG: Storage value: 0x55b1b73ece90
DEBUG: Storage is not a GlobalVariable for value
DEBUG: Storage type name: 14
DEBUG: LLVMCodeGen finished processing block with current scope: 0x55b1b73ea4f0
DEBUG: Finished processing function body in generateFunctionBody
DEBUG: Basic blocks after function body processing:
DEBUG: Block 0x55b1b73ecbd0 has terminator: YES
DEBUG: Checking terminator after function body processing
DEBUG: Current block: 0x55b1b73ecbd0
DEBUG: Current block has terminator: YES
DEBUG: Function already has terminator after body processing
DEBUG: About to check for terminator in generateFunctionBody
DEBUG: Function already has terminator
DEBUG: Checking all basic blocks in function processNumber
DEBUG: Block 0x55b1b73ecbd0 has terminator: YES
DEBUG: Checking all basic blocks after ensuring terminators
DEBUG: Block 0x55b1b73ecbd0 has terminator: YES
DEBUG: Popped scope, current scope: 0x55b1b70690b0 (type: 0, name: global)
DEBUG: LLVMCodeGen finished processing function: processNumber with current scope: 0x55b1b70690b0
DEBUG: Processing function declaration: processBoolean
DEBUG: Current function context: null
DEBUG: Basic blocks after function creation:
DEBUG: Navigated to scope 0x55b1b73ea990 (type: 2, name: processBoolean)
DEBUG: LLVMCodeGen navigated to function scope: processBoolean at address: 0x55b1b73ea990
DEBUG: Current scope after navigation: 0x55b1b73ea990 (type: 2, name: processBoolean)
DEBUG: Scope hierarchy for function processBoolean:
  Level 0: 0x55b1b73ea990 (type: 2, name: processBoolean)
  Level 1: 0x55b1b70690b0 (type: 0, name: global)
DEBUG: Processing function body in generateFunctionBody
DEBUG: Basic blocks before function body processing:
DEBUG: Block 0x55b1b73ecfc0 has terminator: NO
DEBUG: LLVMCodeGen processing block with current scope: 0x55b1b73ea990
DEBUG: Identifier visitor called for: value
DEBUG: loadVariable called for: value
DEBUG: loadVariable found storage for value: YES
DEBUG: Storage type for value: 14
DEBUG: Checking if storage is GlobalVariable for value
DEBUG: Storage value: 0x55b1b73ed3a0
DEBUG: Storage is not a GlobalVariable for value
DEBUG: Storage type name: 14
DEBUG: LLVMCodeGen finished processing block with current scope: 0x55b1b73ea990
DEBUG: Finished processing function body in generateFunctionBody
DEBUG: Basic blocks after function body processing:
DEBUG: Block 0x55b1b73ecfc0 has terminator: YES
DEBUG: Checking terminator after function body processing
DEBUG: Current block: 0x55b1b73ecfc0
DEBUG: Current block has terminator: YES
DEBUG: Function already has terminator after body processing
DEBUG: About to check for terminator in generateFunctionBody
DEBUG: Function already has terminator
DEBUG: Checking all basic blocks in function processBoolean
DEBUG: Block 0x55b1b73ecfc0 has terminator: YES
DEBUG: Checking all basic blocks after ensuring terminators
DEBUG: Block 0x55b1b73ecfc0 has terminator: YES
DEBUG: Popped scope, current scope: 0x55b1b70690b0 (type: 0, name: global)
DEBUG: LLVMCodeGen finished processing function: processBoolean with current scope: 0x55b1b70690b0
DEBUG: Processing function declaration: testConstraintViolationsRegression
DEBUG: Current function context: null
DEBUG: Basic blocks after function creation:
DEBUG: Navigated to scope 0x55b1b73eae70 (type: 2, name: testConstraintViolationsRegression)
DEBUG: LLVMCodeGen navigated to function scope: testConstraintViolationsRegression at address: 0x55b1b73eae70
DEBUG: Current scope after navigation: 0x55b1b73eae70 (type: 2, name: testConstraintViolationsRegression)
DEBUG: Scope hierarchy for function testConstraintViolationsRegression:
  Level 0: 0x55b1b73eae70 (type: 2, name: testConstraintViolationsRegression)
  Level 1: 0x55b1b70690b0 (type: 0, name: global)
DEBUG: Processing function body in generateFunctionBody
DEBUG: Basic blocks before function body processing:
DEBUG: Block 0x55b1b73ed4d0 has terminator: NO
DEBUG: LLVMCodeGen processing block with current scope: 0x55b1b73eae70
DEBUG: VariableDeclaration visitor called for variable: constraintViolationsDocumented
DEBUG: SymbolTable::lookupSymbol searching for 'constraintViolationsDocumented' starting from scope 0x55b1b73eae70
DEBUG: Scope::lookupSymbol searching for 'constraintViolationsDocumented' in scope 0x55b1b73eae70 (type: 2)
DEBUG: Symbol not found in scope 0x55b1b73eae70, searching parent scope 0x55b1b70690b0
DEBUG: Scope::lookupSymbol searching for 'constraintViolationsDocumented' in scope 0x55b1b70690b0 (type: 0)
DEBUG: Symbol 'constraintViolationsDocumented' not found in any scope
DEBUG: Not found in parent hierarchy, searching child scopes...
DEBUG: Found 'constraintViolationsDocumented' in child scopes
DEBUG: Variable constraintViolationsDocumented using symbol table type: boolean
DEBUG: Variable constraintViolationsDocumented allocated storage: YES
DEBUG: Variable constraintViolationsDocumented initValue: YES storage: YES
DEBUG: Variable constraintViolationsDocumented currentFunc: testConstraintViolationsRegression
DEBUG: Storing as local variable: constraintViolationsDocumented
DEBUG: LLVMCodeGen finished processing block with current scope: 0x55b1b73eae70
DEBUG: Finished processing function body in generateFunctionBody
DEBUG: Basic blocks after function body processing:
DEBUG: Block 0x55b1b73ed4d0 has terminator: NO
DEBUG: Checking terminator after function body processing
DEBUG: Current block: 0x55b1b73ed4d0
DEBUG: Current block has terminator: NO
DEBUG: Function does NOT have terminator after body processing
DEBUG: About to check for terminator in generateFunctionBody
DEBUG: No terminator found, adding return statement
DEBUG: About to call CreateRetVoid
DEBUG: CreateRetVoid called successfully
DEBUG: Current block after CreateRetVoid: 0x55b1b73ed4d0
DEBUG: Terminator successfully added to block 0x55b1b73ed4d0
DEBUG: Checking all basic blocks in function testConstraintViolationsRegression
DEBUG: Block 0x55b1b73ed4d0 has terminator: YES
DEBUG: Checking all basic blocks after ensuring terminators
DEBUG: Block 0x55b1b73ed4d0 has terminator: YES
DEBUG: Popped scope, current scope: 0x55b1b70690b0 (type: 0, name: global)
DEBUG: LLVMCodeGen finished processing function: testConstraintViolationsRegression with current scope: 0x55b1b70690b0
DEBUG: Processing function declaration: main
DEBUG: Current function context: null
DEBUG: Basic blocks after function creation:
DEBUG: Navigated to scope 0x55b1b73eb1c0 (type: 2, name: main)
DEBUG: LLVMCodeGen navigated to function scope: main at address: 0x55b1b73eb1c0
DEBUG: Current scope after navigation: 0x55b1b73eb1c0 (type: 2, name: main)
DEBUG: Scope hierarchy for function main:
  Level 0: 0x55b1b73eb1c0 (type: 2, name: main)
  Level 1: 0x55b1b70690b0 (type: 0, name: global)
DEBUG: Main function scope - checking for symbols...
DEBUG: Main function scope address: 0x55b1b73eb1c0
DEBUG: Processing function body in generateFunctionBody
DEBUG: Basic blocks before function body processing:
DEBUG: Block 0x55b1b73ed870 has terminator: NO
DEBUG: LLVMCodeGen processing block with current scope: 0x55b1b73eb1c0
DEBUG: ExpressionStatement visitor called
DEBUG: CallExpression visitor called
DEBUG: Identifier visitor called for: testConstraintViolationsRegression
DEBUG: Created void function call to testConstraintViolationsRegression
DEBUG: Function call generated in block: entry
DEBUG: LLVMCodeGen finished processing block with current scope: 0x55b1b73eb1c0
DEBUG: Finished processing function body in generateFunctionBody
DEBUG: Basic blocks after function body processing:
DEBUG: Block 0x55b1b73ed870 has terminator: NO
DEBUG: Checking terminator after function body processing
DEBUG: Current block: 0x55b1b73ed870
DEBUG: Current block has terminator: NO
DEBUG: Function does NOT have terminator after body processing
DEBUG: About to check for terminator in generateFunctionBody
DEBUG: No terminator found, adding return statement
DEBUG: Added default return
DEBUG: Checking all basic blocks in function main
DEBUG: Block 0x55b1b73ed870 has terminator: YES
DEBUG: Checking all basic blocks after ensuring terminators
DEBUG: Block 0x55b1b73ed870 has terminator: YES
DEBUG: Popped scope, current scope: 0x55b1b70690b0 (type: 0, name: global)
DEBUG: LLVMCodeGen finished processing function: main with current scope: 0x55b1b70690b0
DEBUG: Checking main function generation: moduleStatements=1, mainExists=true, generateMainFunction=true
DEBUG: Starting LLVM IR verification...
DEBUG: Module has 5 functions
DEBUG: Verification result: FAILED
WARNING: LLVM IR verification failed, but continuing...
WARNING: This may be due to unused external function declarations
DEBUG: Attempting to create IR file...
DEBUG: IR file created successfully, printing module...
DEBUG: LLVM IR dumped to generated_ir.ll
Executable generated: /workspace/tests/regression/generic_constraints/constraint_violation_regression
