Detected host target triple: x86_64-pc-linux-gnu
Initializing LLVM targets...
Successfully initialized all LLVM targets
Discovering available targets from LLVM...
Discovered target: xtensa
Discovered target: m68k
Discovered target: xcore
Discovered target: x86-64
Discovered target: x86
Discovered target: wasm64
Discovered target: wasm32
Discovered target: ve
Discovered target: systemz
Discovered target: spirv
Discovered target: spirv64
Discovered target: spirv32
Discovered target: sparcel
Discovered target: sparcv9
Discovered target: sparc
Discovered target: riscv64
Discovered target: riscv32
Discovered target: ppc64le
Discovered target: ppc64
Discovered target: ppc32le
Discovered target: ppc32
Discovered target: nvptx64
Discovered target: nvptx
Discovered target: msp430
Discovered target: mips64el
Discovered target: mips64
Discovered target: mipsel
Discovered target: mips
Discovered target: loongarch64
Discovered target: loongarch32
Discovered target: lanai
Discovered target: hexagon
Discovered target: bpfeb
Discovered target: bpfel
Discovered target: bpf
Discovered target: avr
Discovered target: thumbeb
Discovered target: thumb
Discovered target: armeb
Discovered target: arm
Discovered target: amdgcn
Discovered target: r600
Discovered target: aarch64_32
Discovered target: aarch64_be
Discovered target: aarch64
Discovered target: arm64_32
Discovered target: arm64
Target registry initialized successfully with 47 targets
Supported targets: 47/47
DEBUG: Created ModuleSymbolManager
DEBUG: SemanticAnalyzer created SymbolTable at address: 0x55e82a885ad0
DEBUG: Created Infinity global variable with linkage: 0
[0] Starting lexical analysis
[1] Starting syntax analysis
DEBUG: Parser::parse() called with 116 tokens for file: /workspace/tests/regression/generic_constraints/constraint_violations_regression.ts
DEBUG: Parser::parseModule() called
DEBUG: Starting parseModule loop, isAtEnd(): 0
DEBUG: parseModule loop iteration, calling parseStatement()
DEBUG: parseStatement() called
DEBUG: parseStatement() called
DEBUG: Current token type: 1
DEBUG: parseStatement returned a statement
DEBUG: parseModule loop iteration, calling parseStatement()
DEBUG: parseStatement() called
DEBUG: parseStatement() called
DEBUG: Current token type: 1
DEBUG: parseStatement returned a statement
DEBUG: parseModule loop iteration, calling parseStatement()
DEBUG: parseStatement() called
DEBUG: parseStatement() called
DEBUG: Current token type: 1
DEBUG: parseStatement returned a statement
DEBUG: parseModule loop iteration, calling parseStatement()
DEBUG: parseStatement() called
DEBUG: parseStatement returned a statement
DEBUG: parseModule loop iteration, calling parseStatement()
DEBUG: parseStatement() called
DEBUG: parseStatement() called
DEBUG: Current token type: 1
DEBUG: parseStatement returned a statement
DEBUG: parseModule loop iteration, calling parseStatement()
DEBUG: parseStatement() called
DEBUG: parseStatement() called
DEBUG: parseVariableStatement called, current token: Identifier(constraintViolationsDocumented)
DEBUG: Current token type: 46
DEBUG: parseStatement returned a statement
DEBUG: parseModule loop iteration, calling parseStatement()
DEBUG: parseStatement() called
DEBUG: parseStatement() called
DEBUG: Current token type: 1
DEBUG: parseStatement returned a statement
DEBUG: parseModule loop iteration, calling parseStatement()
DEBUG: parseStatement() called
DEBUG: Current token type: 1
DEBUG: parseStatement returned a statement
[2] Starting semantic analysis
DEBUG: *** ANALYZE METHOD CALLED *** for module
DEBUG: *** CALLING performSymbolResolution ***
DEBUG: *** performSymbolResolution CALLED ***
DEBUG: collectFunctionDeclarations found 8 statements
DEBUG: Processing statement type: N3tsc19FunctionDeclarationE
DEBUG: Found function declaration: processString
DEBUG: Processing statement type: N3tsc19FunctionDeclarationE
DEBUG: Found function declaration: processNumber
DEBUG: Processing statement type: N3tsc19FunctionDeclarationE
DEBUG: Found function declaration: processBoolean
DEBUG: Processing statement type: N3tsc20InterfaceDeclarationE
DEBUG: Processing statement type: N3tsc19FunctionDeclarationE
DEBUG: Found function declaration: processIdentifiable
DEBUG: Processing statement type: N3tsc19FunctionDeclarationE
DEBUG: Found function declaration: testConstraintViolationsRegression
DEBUG: Processing statement type: N3tsc19FunctionDeclarationE
DEBUG: Found function declaration: main
DEBUG: Processing statement type: N3tsc19ExpressionStatementE
DEBUG: *** CALLING module.accept(*this) ***
DEBUG: SymbolTable::lookupSymbol searching for 'processString' starting from scope 0x55e82a7a60b0
DEBUG: Scope::lookupSymbol searching for 'processString' in scope 0x55e82a7a60b0 (type: 0)
DEBUG: Found symbol 'processString' in scope 0x55e82a7a60b0
DEBUG: Found 'processString' in parent hierarchy
DEBUG: declareSymbol called for: T (kind: 10)
DEBUG: Symbol successfully declared: T
DEBUG: SymbolTable::lookupSymbol searching for 'T' starting from scope 0x55e82a7a7160
DEBUG: Scope::lookupSymbol searching for 'T' in scope 0x55e82a7a7160 (type: 2)
DEBUG: Found symbol 'T' in scope 0x55e82a7a7160
DEBUG: Found 'T' in parent hierarchy
DEBUG: resolveType looking up 'T': found
DEBUG: Symbol kind: 10
DEBUG: Symbol type: T
DEBUG: Symbol type kind: 23
DEBUG: resolveType returning resolved type: T (kind: 23)
DEBUG: Processing parameter 'value' with type: T
DEBUG: Parameter type kind before resolve: 12
DEBUG: SymbolTable::lookupSymbol searching for 'T' starting from scope 0x55e82a7a7160
DEBUG: Scope::lookupSymbol searching for 'T' in scope 0x55e82a7a7160 (type: 2)
DEBUG: Found symbol 'T' in scope 0x55e82a7a7160
DEBUG: Found 'T' in parent hierarchy
DEBUG: resolveType looking up 'T': found
DEBUG: Symbol kind: 10
DEBUG: Symbol type: T
DEBUG: Symbol type kind: 23
DEBUG: resolveType returning resolved type: T (kind: 23)
DEBUG: Parameter type kind after resolve: 23
DEBUG: SymbolTable::lookupSymbol searching for 'value' starting from scope 0x55e82ab2a870
DEBUG: Scope::lookupSymbol searching for 'value' in scope 0x55e82ab2a870 (type: 3)
DEBUG: Symbol not found in scope 0x55e82ab2a870, searching parent scope 0x55e82a7a7160
DEBUG: Scope::lookupSymbol searching for 'value' in scope 0x55e82a7a7160 (type: 2)
DEBUG: Found symbol 'value' in scope 0x55e82a7a7160
DEBUG: Found 'value' in parent hierarchy
DEBUG: SymbolTable::lookupSymbol searching for 'T' starting from scope 0x55e82ab2a870
DEBUG: Scope::lookupSymbol searching for 'T' in scope 0x55e82ab2a870 (type: 3)
DEBUG: Symbol not found in scope 0x55e82ab2a870, searching parent scope 0x55e82a7a7160
DEBUG: Scope::lookupSymbol searching for 'T' in scope 0x55e82a7a7160 (type: 2)
DEBUG: Found symbol 'T' in scope 0x55e82a7a7160
DEBUG: Found 'T' in parent hierarchy
DEBUG: resolveType looking up 'T': found
DEBUG: Symbol kind: 10
DEBUG: Symbol type: T
DEBUG: Symbol type kind: 23
DEBUG: resolveType returning resolved type: T (kind: 23)
DEBUG: SymbolTable::lookupSymbol searching for 'processNumber' starting from scope 0x55e82a7a60b0
DEBUG: Scope::lookupSymbol searching for 'processNumber' in scope 0x55e82a7a60b0 (type: 0)
DEBUG: Found symbol 'processNumber' in scope 0x55e82a7a60b0
DEBUG: Found 'processNumber' in parent hierarchy
DEBUG: declareSymbol called for: T (kind: 10)
DEBUG: Symbol successfully declared: T
DEBUG: SymbolTable::lookupSymbol searching for 'T' starting from scope 0x55e82ab2aa30
DEBUG: Scope::lookupSymbol searching for 'T' in scope 0x55e82ab2aa30 (type: 2)
DEBUG: Found symbol 'T' in scope 0x55e82ab2aa30
DEBUG: Found 'T' in parent hierarchy
DEBUG: resolveType looking up 'T': found
DEBUG: Symbol kind: 10
DEBUG: Symbol type: T
DEBUG: Symbol type kind: 23
DEBUG: resolveType returning resolved type: T (kind: 23)
DEBUG: Processing parameter 'value' with type: T
DEBUG: Parameter type kind before resolve: 12
DEBUG: SymbolTable::lookupSymbol searching for 'T' starting from scope 0x55e82ab2aa30
DEBUG: Scope::lookupSymbol searching for 'T' in scope 0x55e82ab2aa30 (type: 2)
DEBUG: Found symbol 'T' in scope 0x55e82ab2aa30
DEBUG: Found 'T' in parent hierarchy
DEBUG: resolveType looking up 'T': found
DEBUG: Symbol kind: 10
DEBUG: Symbol type: T
DEBUG: Symbol type kind: 23
DEBUG: resolveType returning resolved type: T (kind: 23)
DEBUG: Parameter type kind after resolve: 23
DEBUG: SymbolTable::lookupSymbol searching for 'value' starting from scope 0x55e82ab2adf0
DEBUG: Scope::lookupSymbol searching for 'value' in scope 0x55e82ab2adf0 (type: 3)
DEBUG: Symbol not found in scope 0x55e82ab2adf0, searching parent scope 0x55e82ab2aa30
DEBUG: Scope::lookupSymbol searching for 'value' in scope 0x55e82ab2aa30 (type: 2)
DEBUG: Found symbol 'value' in scope 0x55e82ab2aa30
DEBUG: Found 'value' in parent hierarchy
DEBUG: SymbolTable::lookupSymbol searching for 'T' starting from scope 0x55e82ab2adf0
DEBUG: Scope::lookupSymbol searching for 'T' in scope 0x55e82ab2adf0 (type: 3)
DEBUG: Symbol not found in scope 0x55e82ab2adf0, searching parent scope 0x55e82ab2aa30
DEBUG: Scope::lookupSymbol searching for 'T' in scope 0x55e82ab2aa30 (type: 2)
DEBUG: Found symbol 'T' in scope 0x55e82ab2aa30
DEBUG: Found 'T' in parent hierarchy
DEBUG: resolveType looking up 'T': found
DEBUG: Symbol kind: 10
DEBUG: Symbol type: T
DEBUG: Symbol type kind: 23
DEBUG: resolveType returning resolved type: T (kind: 23)
DEBUG: SymbolTable::lookupSymbol searching for 'processBoolean' starting from scope 0x55e82a7a60b0
DEBUG: Scope::lookupSymbol searching for 'processBoolean' in scope 0x55e82a7a60b0 (type: 0)
DEBUG: Found symbol 'processBoolean' in scope 0x55e82a7a60b0
DEBUG: Found 'processBoolean' in parent hierarchy
DEBUG: declareSymbol called for: T (kind: 10)
DEBUG: Symbol successfully declared: T
DEBUG: SymbolTable::lookupSymbol searching for 'T' starting from scope 0x55e82ab2aed0
DEBUG: Scope::lookupSymbol searching for 'T' in scope 0x55e82ab2aed0 (type: 2)
DEBUG: Found symbol 'T' in scope 0x55e82ab2aed0
DEBUG: Found 'T' in parent hierarchy
DEBUG: resolveType looking up 'T': found
DEBUG: Symbol kind: 10
DEBUG: Symbol type: T
DEBUG: Symbol type kind: 23
DEBUG: resolveType returning resolved type: T (kind: 23)
DEBUG: Processing parameter 'value' with type: T
DEBUG: Parameter type kind before resolve: 12
DEBUG: SymbolTable::lookupSymbol searching for 'T' starting from scope 0x55e82ab2aed0
DEBUG: Scope::lookupSymbol searching for 'T' in scope 0x55e82ab2aed0 (type: 2)
DEBUG: Found symbol 'T' in scope 0x55e82ab2aed0
DEBUG: Found 'T' in parent hierarchy
DEBUG: resolveType looking up 'T': found
DEBUG: Symbol kind: 10
DEBUG: Symbol type: T
DEBUG: Symbol type kind: 23
DEBUG: resolveType returning resolved type: T (kind: 23)
DEBUG: Parameter type kind after resolve: 23
DEBUG: SymbolTable::lookupSymbol searching for 'value' starting from scope 0x55e82ab2b2a0
DEBUG: Scope::lookupSymbol searching for 'value' in scope 0x55e82ab2b2a0 (type: 3)
DEBUG: Symbol not found in scope 0x55e82ab2b2a0, searching parent scope 0x55e82ab2aed0
DEBUG: Scope::lookupSymbol searching for 'value' in scope 0x55e82ab2aed0 (type: 2)
DEBUG: Found symbol 'value' in scope 0x55e82ab2aed0
DEBUG: Found 'value' in parent hierarchy
DEBUG: SymbolTable::lookupSymbol searching for 'T' starting from scope 0x55e82ab2b2a0
DEBUG: Scope::lookupSymbol searching for 'T' in scope 0x55e82ab2b2a0 (type: 3)
DEBUG: Symbol not found in scope 0x55e82ab2b2a0, searching parent scope 0x55e82ab2aed0
DEBUG: Scope::lookupSymbol searching for 'T' in scope 0x55e82ab2aed0 (type: 2)
DEBUG: Found symbol 'T' in scope 0x55e82ab2aed0
DEBUG: Found 'T' in parent hierarchy
DEBUG: resolveType looking up 'T': found
DEBUG: Symbol kind: 10
DEBUG: Symbol type: T
DEBUG: Symbol type kind: 23
DEBUG: resolveType returning resolved type: T (kind: 23)
DEBUG: declareSymbol called for: Identifiable (kind: 10)
DEBUG: Symbol successfully declared: Identifiable
DEBUG: PropertyDeclaration resolving type: number
DEBUG: PropertyDeclaration type kind: 0
DEBUG: PropertyDeclaration resolved type: number
DEBUG: PropertyDeclaration resolved type kind: 0
DEBUG: declareSymbol called for: id (kind: 8)
DEBUG: Symbol successfully declared: id
DEBUG: SymbolTable::lookupSymbol searching for 'processIdentifiable' starting from scope 0x55e82a7a60b0
DEBUG: Scope::lookupSymbol searching for 'processIdentifiable' in scope 0x55e82a7a60b0 (type: 0)
DEBUG: Found symbol 'processIdentifiable' in scope 0x55e82a7a60b0
DEBUG: Found 'processIdentifiable' in parent hierarchy
DEBUG: SymbolTable::lookupSymbol searching for 'Identifiable' starting from scope 0x55e82ab2b7b0
DEBUG: Scope::lookupSymbol searching for 'Identifiable' in scope 0x55e82ab2b7b0 (type: 2)
DEBUG: Symbol not found in scope 0x55e82ab2b7b0, searching parent scope 0x55e82a7a60b0
DEBUG: Scope::lookupSymbol searching for 'Identifiable' in scope 0x55e82a7a60b0 (type: 0)
DEBUG: Found symbol 'Identifiable' in scope 0x55e82a7a60b0
DEBUG: Found 'Identifiable' in parent hierarchy
DEBUG: resolveType looking up 'Identifiable': found
DEBUG: Symbol kind: 10
DEBUG: Symbol type: Identifiable
DEBUG: Symbol type kind: 21
DEBUG: resolveType returning resolved type: Identifiable (kind: 21)
DEBUG: declareSymbol called for: T (kind: 10)
DEBUG: Symbol successfully declared: T
DEBUG: SymbolTable::lookupSymbol searching for 'T' starting from scope 0x55e82ab2b7b0
DEBUG: Scope::lookupSymbol searching for 'T' in scope 0x55e82ab2b7b0 (type: 2)
DEBUG: Found symbol 'T' in scope 0x55e82ab2b7b0
DEBUG: Found 'T' in parent hierarchy
DEBUG: resolveType looking up 'T': found
DEBUG: Symbol kind: 10
DEBUG: Symbol type: T
DEBUG: Symbol type kind: 23
DEBUG: resolveType returning resolved type: T (kind: 23)
DEBUG: Processing parameter 'item' with type: T
DEBUG: Parameter type kind before resolve: 12
DEBUG: SymbolTable::lookupSymbol searching for 'T' starting from scope 0x55e82ab2b7b0
DEBUG: Scope::lookupSymbol searching for 'T' in scope 0x55e82ab2b7b0 (type: 2)
DEBUG: Found symbol 'T' in scope 0x55e82ab2b7b0
DEBUG: Found 'T' in parent hierarchy
DEBUG: resolveType looking up 'T': found
DEBUG: Symbol kind: 10
DEBUG: Symbol type: T
DEBUG: Symbol type kind: 23
DEBUG: resolveType returning resolved type: T (kind: 23)
DEBUG: Parameter type kind after resolve: 23
DEBUG: SymbolTable::lookupSymbol searching for 'item' starting from scope 0x55e82ab2bc00
DEBUG: Scope::lookupSymbol searching for 'item' in scope 0x55e82ab2bc00 (type: 3)
DEBUG: Symbol not found in scope 0x55e82ab2bc00, searching parent scope 0x55e82ab2b7b0
DEBUG: Scope::lookupSymbol searching for 'item' in scope 0x55e82ab2b7b0 (type: 2)
DEBUG: Found symbol 'item' in scope 0x55e82ab2b7b0
DEBUG: Found 'item' in parent hierarchy
DEBUG: SymbolTable::lookupSymbol searching for 'testConstraintViolationsRegression' starting from scope 0x55e82a7a60b0
DEBUG: Scope::lookupSymbol searching for 'testConstraintViolationsRegression' in scope 0x55e82a7a60b0 (type: 0)
DEBUG: Found symbol 'testConstraintViolationsRegression' in scope 0x55e82a7a60b0
DEBUG: Found 'testConstraintViolationsRegression' in parent hierarchy
DEBUG: Adding variable constraintViolationsDocumented with type: boolean
DEBUG: Current scope when adding variable: 0x55e82ab2bf50
DEBUG: Scope hierarchy when adding variable constraintViolationsDocumented:
  Level 0: 0x55e82ab2bf50 (type: 3, name: )
  Level 1: 0x55e82ab2be90 (type: 2, name: testConstraintViolationsRegression)
  Level 2: 0x55e82a7a60b0 (type: 0, name: global)
DEBUG: SymbolTable::lookupSymbol searching for 'main' starting from scope 0x55e82a7a60b0
DEBUG: Scope::lookupSymbol searching for 'main' in scope 0x55e82a7a60b0 (type: 0)
DEBUG: Found symbol 'main' in scope 0x55e82a7a60b0
DEBUG: Found 'main' in parent hierarchy
DEBUG: SymbolTable::lookupSymbol searching for 'testConstraintViolationsRegression' starting from scope 0x55e82ab2c270
DEBUG: Scope::lookupSymbol searching for 'testConstraintViolationsRegression' in scope 0x55e82ab2c270 (type: 3)
DEBUG: Symbol not found in scope 0x55e82ab2c270, searching parent scope 0x55e82ab2c1e0
DEBUG: Scope::lookupSymbol searching for 'testConstraintViolationsRegression' in scope 0x55e82ab2c1e0 (type: 2)
DEBUG: Symbol not found in scope 0x55e82ab2c1e0, searching parent scope 0x55e82a7a60b0
DEBUG: Scope::lookupSymbol searching for 'testConstraintViolationsRegression' in scope 0x55e82a7a60b0 (type: 0)
DEBUG: Found symbol 'testConstraintViolationsRegression' in scope 0x55e82a7a60b0
DEBUG: Found 'testConstraintViolationsRegression' in parent hierarchy
DEBUG: SymbolTable::lookupSymbol searching for 'testConstraintViolationsRegression' starting from scope 0x55e82ab2c270
DEBUG: Scope::lookupSymbol searching for 'testConstraintViolationsRegression' in scope 0x55e82ab2c270 (type: 3)
DEBUG: Symbol not found in scope 0x55e82ab2c270, searching parent scope 0x55e82ab2c1e0
DEBUG: Scope::lookupSymbol searching for 'testConstraintViolationsRegression' in scope 0x55e82ab2c1e0 (type: 2)
DEBUG: Symbol not found in scope 0x55e82ab2c1e0, searching parent scope 0x55e82a7a60b0
DEBUG: Scope::lookupSymbol searching for 'testConstraintViolationsRegression' in scope 0x55e82a7a60b0 (type: 0)
DEBUG: Found symbol 'testConstraintViolationsRegression' in scope 0x55e82a7a60b0
DEBUG: Found 'testConstraintViolationsRegression' in parent hierarchy
DEBUG: SymbolTable::lookupSymbol searching for 'testConstraintViolationsRegression' starting from scope 0x55e82ab2c270
DEBUG: Scope::lookupSymbol searching for 'testConstraintViolationsRegression' in scope 0x55e82ab2c270 (type: 3)
DEBUG: Symbol not found in scope 0x55e82ab2c270, searching parent scope 0x55e82ab2c1e0
DEBUG: Scope::lookupSymbol searching for 'testConstraintViolationsRegression' in scope 0x55e82ab2c1e0 (type: 2)
DEBUG: Symbol not found in scope 0x55e82ab2c1e0, searching parent scope 0x55e82a7a60b0
DEBUG: Scope::lookupSymbol searching for 'testConstraintViolationsRegression' in scope 0x55e82a7a60b0 (type: 0)
DEBUG: Found symbol 'testConstraintViolationsRegression' in scope 0x55e82a7a60b0
DEBUG: Found 'testConstraintViolationsRegression' in parent hierarchy
DEBUG: SymbolTable::lookupSymbol searching for 'main' starting from scope 0x55e82a7a60b0
DEBUG: Scope::lookupSymbol searching for 'main' in scope 0x55e82a7a60b0 (type: 0)
DEBUG: Found symbol 'main' in scope 0x55e82a7a60b0
DEBUG: Found 'main' in parent hierarchy
DEBUG: SymbolTable::lookupSymbol searching for 'main' starting from scope 0x55e82a7a60b0
DEBUG: Scope::lookupSymbol searching for 'main' in scope 0x55e82a7a60b0 (type: 0)
DEBUG: Found symbol 'main' in scope 0x55e82a7a60b0
DEBUG: Found 'main' in parent hierarchy
DEBUG: SymbolTable::lookupSymbol searching for 'main' starting from scope 0x55e82a7a60b0
DEBUG: Scope::lookupSymbol searching for 'main' in scope 0x55e82a7a60b0 (type: 0)
DEBUG: Found symbol 'main' in scope 0x55e82a7a60b0
DEBUG: Found 'main' in parent hierarchy
DEBUG: *** module.accept(*this) COMPLETED ***
