Detected host target triple: x86_64-pc-linux-gnu
Initializing LLVM targets...
Successfully initialized all LLVM targets
Discovering available targets from LLVM...
Discovered target: xtensa
Discovered target: m68k
Discovered target: xcore
Discovered target: x86-64
Discovered target: x86
Discovered target: wasm64
Discovered target: wasm32
Discovered target: ve
Discovered target: systemz
Discovered target: spirv
Discovered target: spirv64
Discovered target: spirv32
Discovered target: sparcel
Discovered target: sparcv9
Discovered target: sparc
Discovered target: riscv64
Discovered target: riscv32
Discovered target: ppc64le
Discovered target: ppc64
Discovered target: ppc32le
Discovered target: ppc32
Discovered target: nvptx64
Discovered target: nvptx
Discovered target: msp430
Discovered target: mips64el
Discovered target: mips64
Discovered target: mipsel
Discovered target: mips
Discovered target: loongarch64
Discovered target: loongarch32
Discovered target: lanai
Discovered target: hexagon
Discovered target: bpfeb
Discovered target: bpfel
Discovered target: bpf
Discovered target: avr
Discovered target: thumbeb
Discovered target: thumb
Discovered target: armeb
Discovered target: arm
Discovered target: amdgcn
Discovered target: r600
Discovered target: aarch64_32
Discovered target: aarch64_be
Discovered target: aarch64
Discovered target: arm64_32
Discovered target: arm64
Target registry initialized successfully with 47 targets
Supported targets: 47/47
DEBUG: Created ModuleSymbolManager
DEBUG: SemanticAnalyzer created SymbolTable at address: 0x55ffa07b6ab0
DEBUG: Created Infinity global variable with linkage: 0
[0] Starting lexical analysis
[1] Starting syntax analysis
DEBUG: Parser::parse() called with 740 tokens for file: /workspace/tests/system/generic_constraints/complex_constraints_simple.ts
DEBUG: Parser::parseModule() called
DEBUG: Starting parseModule loop, isAtEnd(): 0
DEBUG: parseModule loop iteration, calling parseStatement()
DEBUG: parseStatement() called
DEBUG: parseStatement returned a statement
DEBUG: parseModule loop iteration, calling parseStatement()
DEBUG: parseStatement() called
DEBUG: parseStatement returned a statement
DEBUG: parseModule loop iteration, calling parseStatement()
DEBUG: parseStatement() called
DEBUG: parseStatement returned a statement
DEBUG: parseModule loop iteration, calling parseStatement()
DEBUG: parseStatement() called
DEBUG: parseStatement returned a statement
DEBUG: parseModule loop iteration, calling parseStatement()
DEBUG: parseStatement() called
DEBUG: parseStatement() called
DEBUG: Current token type: 1
DEBUG: parseStatement returned a statement
DEBUG: parseModule loop iteration, calling parseStatement()
DEBUG: parseStatement() called
DEBUG: parseStatement() called
DEBUG: Current token type: 1
DEBUG: parseStatement returned a statement
DEBUG: parseModule loop iteration, calling parseStatement()
DEBUG: parseStatement() called
DEBUG: parseStatement() called
DEBUG: Current token type: 1
DEBUG: Current token type: 1
DEBUG: parseStatement returned a statement
DEBUG: parseModule loop iteration, calling parseStatement()
DEBUG: parseStatement() called
DEBUG: parseStatement() called
DEBUG: Current token type: 1
DEBUG: parseStatement returned a statement
DEBUG: parseModule loop iteration, calling parseStatement()
DEBUG: parseStatement() called
DEBUG: Current token type: 95
DEBUG: Parser found method declaration: add
DEBUG: parseStatement() called
DEBUG: Current token type: 35
DEBUG: Current token type: 1
DEBUG: Parser found method declaration: findById
DEBUG: parseStatement() called
DEBUG: Current token type: 1
DEBUG: Current token type: 35
DEBUG: Current token type: 1
DEBUG: parseStatement() called
DEBUG: parseStatement() called
DEBUG: Current token type: 35
DEBUG: Current token type: 1
DEBUG: parseStatement threw CompilerError
DEBUG: parseModule loop iteration, calling parseStatement()
DEBUG: parseStatement() called
DEBUG: Current token type: 35
DEBUG: Current token type: 1
DEBUG: parseStatement returned a statement
DEBUG: parseModule loop iteration, calling parseStatement()
DEBUG: parseStatement() called
DEBUG: Current token type: 92
DEBUG: parseStatement threw CompilerError
DEBUG: parseModule loop iteration, calling parseStatement()
DEBUG: parseStatement() called
DEBUG: Current token type: 73
DEBUG: parseStatement threw CompilerError
DEBUG: parseModule loop iteration, calling parseStatement()
DEBUG: parseStatement() called
DEBUG: Current token type: 92
DEBUG: parseStatement threw CompilerError
DEBUG: parseModule loop iteration, calling parseStatement()
DEBUG: parseStatement() called
DEBUG: Current token type: 35
DEBUG: parseStatement returned a statement
DEBUG: parseModule loop iteration, calling parseStatement()
DEBUG: parseStatement() called
DEBUG: Current token type: 92
DEBUG: parseStatement threw CompilerError
DEBUG: parseModule loop iteration, calling parseStatement()
DEBUG: parseStatement() called
DEBUG: Parser found method declaration: process
DEBUG: parseStatement() called
DEBUG: Current token type: 1
DEBUG: Parser found method declaration: validate
DEBUG: parseStatement() called
DEBUG: Current token type: 1
DEBUG: parseStatement returned a statement
DEBUG: parseModule loop iteration, calling parseStatement()
DEBUG: parseStatement() called
DEBUG: parseStatement() called
DEBUG: Current token type: 91
DEBUG: Current token type: 1
DEBUG: Current token type: 46
DEBUG: parseStatement returned a statement
DEBUG: parseModule loop iteration, calling parseStatement()
DEBUG: parseStatement() called
DEBUG: parseStatement() called
DEBUG: Current token type: 1
DEBUG: Current token type: 1
DEBUG: parseStatement returned a statement
DEBUG: parseModule loop iteration, calling parseStatement()
DEBUG: parseStatement() called
DEBUG: parseVariableStatement called, current token: Identifier(testUser)
DEBUG: Current token type: 91
DEBUG: Current token type: 46
DEBUG: parseStatement returned a statement
DEBUG: parseModule loop iteration, calling parseStatement()
DEBUG: parseStatement() called
DEBUG: parseVariableStatement called, current token: Identifier(testItem)
DEBUG: Current token type: 91
DEBUG: parseStatement returned a statement
DEBUG: parseModule loop iteration, calling parseStatement()
DEBUG: parseStatement() called
DEBUG: parseVariableStatement called, current token: Identifier(testNamed)
DEBUG: Current token type: 91
DEBUG: parseStatement returned a statement
DEBUG: parseModule loop iteration, calling parseStatement()
DEBUG: parseStatement() called
DEBUG: parseStatement() called
DEBUG: Current token type: 1
DEBUG: parseStatement() called
DEBUG: parseVariableStatement called, current token: Identifier(idResult)
DEBUG: Current token type: 1
DEBUG: Current token type: 1
DEBUG: parseStatement() called
DEBUG: Current token type: 1
DEBUG: Current token type: 1
DEBUG: parseStatement() called
DEBUG: parseVariableStatement called, current token: Identifier(nameResult)
DEBUG: Current token type: 1
DEBUG: Current token type: 1
DEBUG: parseStatement() called
DEBUG: Current token type: 1
DEBUG: Current token type: 1
DEBUG: parseStatement() called
DEBUG: parseVariableStatement called, current token: Identifier(userResult)
DEBUG: Current token type: 1
DEBUG: Current token type: 1
DEBUG: parseStatement() called
DEBUG: Current token type: 1
DEBUG: Current token type: 1
DEBUG: parseStatement() called
DEBUG: parseVariableStatement called, current token: Identifier(timestampResult)
DEBUG: Current token type: 1
DEBUG: Current token type: 1
DEBUG: parseStatement() called
DEBUG: Current token type: 1
DEBUG: Current token type: 1
DEBUG: parseStatement() called
DEBUG: parseVariableStatement called, current token: Identifier(container)
DEBUG: Current token type: 31
DEBUG: Current token type: 1
DEBUG: Parser found type arguments in NewExpression
DEBUG: Parsed 1 type arguments
DEBUG: parseStatement() called
DEBUG: Current token type: 1
DEBUG: Current token type: 1
DEBUG: parseStatement() called
DEBUG: parseVariableStatement called, current token: Identifier(foundUser)
DEBUG: Current token type: 1
DEBUG: parseStatement() called
DEBUG: Current token type: 1
DEBUG: parseStatement() called
DEBUG: parseStatement() called
DEBUG: Current token type: 1
DEBUG: Current token type: 1
DEBUG: parseStatement() called
DEBUG: parseStatement() called
DEBUG: Current token type: 1
DEBUG: parseStatement() called
DEBUG: parseVariableStatement called, current token: Identifier(processor)
DEBUG: Current token type: 31
DEBUG: Current token type: 1
DEBUG: Parser did not find type arguments in NewExpression
DEBUG: parseStatement() called
DEBUG: parseVariableStatement called, current token: Identifier(processResult)
DEBUG: Current token type: 1
DEBUG: Current token type: 1
DEBUG: parseStatement() called
DEBUG: Current token type: 1
DEBUG: Current token type: 1
DEBUG: parseStatement() called
DEBUG: parseVariableStatement called, current token: Identifier(validateResult)
DEBUG: Current token type: 1
DEBUG: Current token type: 1
DEBUG: parseStatement() called
DEBUG: Current token type: 1
DEBUG: Current token type: 1
DEBUG: parseStatement() called
DEBUG: parseVariableStatement called, current token: Identifier(wrapper)
DEBUG: Current token type: 1
DEBUG: Current token type: 1
DEBUG: parseStatement() called
DEBUG: Current token type: 1
DEBUG: Current token type: 1
DEBUG: Current token type: 1
DEBUG: parseStatement() called
DEBUG: parseVariableStatement called, current token: Identifier(nestedResult)
DEBUG: Current token type: 1
DEBUG: Current token type: 1
DEBUG: Current token type: 1
DEBUG: parseStatement() called
DEBUG: Current token type: 1
DEBUG: Current token type: 1
DEBUG: parseStatement returned a statement
DEBUG: parseModule loop iteration, calling parseStatement()
DEBUG: parseStatement() called
DEBUG: parseStatement() called
DEBUG: Current token type: 1
DEBUG: parseStatement() called
DEBUG: Current token type: 1
DEBUG: parseStatement returned a statement
DEBUG: parseModule loop iteration, calling parseStatement()
DEBUG: parseStatement() called
DEBUG: parseStatement() called
DEBUG: Current token type: 1
DEBUG: parseStatement() called
DEBUG: Current token type: 1
DEBUG: parseStatement returned a statement
DEBUG: parseModule loop iteration, calling parseStatement()
DEBUG: parseStatement() called
DEBUG: Current token type: 1
DEBUG: parseStatement returned a statement
