Detected host target triple: x86_64-pc-linux-gnu
Initializing LLVM targets...
Successfully initialized all LLVM targets
Discovering available targets from LLVM...
Discovered target: xtensa
Discovered target: m68k
Discovered target: xcore
Discovered target: x86-64
Discovered target: x86
Discovered target: wasm64
Discovered target: wasm32
Discovered target: ve
Discovered target: systemz
Discovered target: spirv
Discovered target: spirv64
Discovered target: spirv32
Discovered target: sparcel
Discovered target: sparcv9
Discovered target: sparc
Discovered target: riscv64
Discovered target: riscv32
Discovered target: ppc64le
Discovered target: ppc64
Discovered target: ppc32le
Discovered target: ppc32
Discovered target: nvptx64
Discovered target: nvptx
Discovered target: msp430
Discovered target: mips64el
Discovered target: mips64
Discovered target: mipsel
Discovered target: mips
Discovered target: loongarch64
Discovered target: loongarch32
Discovered target: lanai
Discovered target: hexagon
Discovered target: bpfeb
Discovered target: bpfel
Discovered target: bpf
Discovered target: avr
Discovered target: thumbeb
Discovered target: thumb
Discovered target: armeb
Discovered target: arm
Discovered target: amdgcn
Discovered target: r600
Discovered target: aarch64_32
Discovered target: aarch64_be
Discovered target: aarch64
Discovered target: arm64_32
Discovered target: arm64
Target registry initialized successfully with 47 targets
Supported targets: 47/47
DEBUG: Created ModuleSymbolManager
DEBUG: SemanticAnalyzer created SymbolTable at address: 0x560e94e5ea80
DEBUG: Created Infinity global variable with linkage: 0
[0] Starting lexical analysis
[1] Starting syntax analysis
DEBUG: Parser::parse() called with 80 tokens for file: /workspace/tests/system/generic_constraints/constraint_violations.ts
DEBUG: Parser::parseModule() called
DEBUG: Starting parseModule loop, isAtEnd(): 0
DEBUG: parseModule loop iteration, calling parseStatement()
DEBUG: parseStatement() called
DEBUG: parseStatement() called
DEBUG: Current token type: 1
DEBUG: parseStatement returned a statement
DEBUG: parseModule loop iteration, calling parseStatement()
DEBUG: parseStatement() called
DEBUG: parseStatement() called
DEBUG: Current token type: 1
DEBUG: parseStatement returned a statement
DEBUG: parseModule loop iteration, calling parseStatement()
DEBUG: parseStatement() called
DEBUG: parseStatement() called
DEBUG: parseVariableStatement called, current token: Identifier(invalidStr)
DEBUG: Current token type: 1
DEBUG: parseStatement() called
DEBUG: parseVariableStatement called, current token: Identifier(invalidNum)
DEBUG: Current token type: 1
DEBUG: parseStatement() called
DEBUG: Current token type: 1
DEBUG: parseStatement returned a statement
DEBUG: parseModule loop iteration, calling parseStatement()
DEBUG: parseStatement() called
DEBUG: Current token type: 1
DEBUG: parseStatement returned a statement
[2] Starting semantic analysis
DEBUG: *** ANALYZE METHOD CALLED *** for module
DEBUG: *** CALLING performSymbolResolution ***
DEBUG: *** performSymbolResolution CALLED ***
DEBUG: collectFunctionDeclarations found 4 statements
DEBUG: Processing statement type: N3tsc19FunctionDeclarationE
DEBUG: Found function declaration: processString
DEBUG: Processing statement type: N3tsc19FunctionDeclarationE
DEBUG: Found function declaration: processNumber
DEBUG: Processing statement type: N3tsc19FunctionDeclarationE
DEBUG: Found function declaration: main
DEBUG: Processing statement type: N3tsc19ExpressionStatementE
DEBUG: *** CALLING module.accept(*this) ***
DEBUG: SymbolTable::lookupSymbol searching for 'processString' starting from scope 0x560e94d7f0b0
DEBUG: Scope::lookupSymbol searching for 'processString' in scope 0x560e94d7f0b0 (type: 0)
DEBUG: Found symbol 'processString' in scope 0x560e94d7f0b0
DEBUG: Found 'processString' in parent hierarchy
DEBUG: declareSymbol called for: T (kind: 10)
DEBUG: Symbol successfully declared: T
DEBUG: SymbolTable::lookupSymbol searching for 'T' starting from scope 0x560e94d80160
DEBUG: Scope::lookupSymbol searching for 'T' in scope 0x560e94d80160 (type: 2)
DEBUG: Found symbol 'T' in scope 0x560e94d80160
DEBUG: Found 'T' in parent hierarchy
DEBUG: resolveType looking up 'T': found
DEBUG: Symbol kind: 10
DEBUG: Symbol type: T
DEBUG: Symbol type kind: 23
DEBUG: resolveType returning resolved type: T (kind: 23)
DEBUG: Processing parameter 'value' with type: T
DEBUG: Parameter type kind before resolve: 12
DEBUG: SymbolTable::lookupSymbol searching for 'T' starting from scope 0x560e94d80160
DEBUG: Scope::lookupSymbol searching for 'T' in scope 0x560e94d80160 (type: 2)
DEBUG: Found symbol 'T' in scope 0x560e94d80160
DEBUG: Found 'T' in parent hierarchy
DEBUG: resolveType looking up 'T': found
DEBUG: Symbol kind: 10
DEBUG: Symbol type: T
DEBUG: Symbol type kind: 23
DEBUG: resolveType returning resolved type: T (kind: 23)
DEBUG: Parameter type kind after resolve: 23
DEBUG: SymbolTable::lookupSymbol searching for 'value' starting from scope 0x560e950fddc0
DEBUG: Scope::lookupSymbol searching for 'value' in scope 0x560e950fddc0 (type: 3)
DEBUG: Symbol not found in scope 0x560e950fddc0, searching parent scope 0x560e94d80160
DEBUG: Scope::lookupSymbol searching for 'value' in scope 0x560e94d80160 (type: 2)
DEBUG: Found symbol 'value' in scope 0x560e94d80160
DEBUG: Found 'value' in parent hierarchy
DEBUG: SymbolTable::lookupSymbol searching for 'T' starting from scope 0x560e950fddc0
DEBUG: Scope::lookupSymbol searching for 'T' in scope 0x560e950fddc0 (type: 3)
DEBUG: Symbol not found in scope 0x560e950fddc0, searching parent scope 0x560e94d80160
DEBUG: Scope::lookupSymbol searching for 'T' in scope 0x560e94d80160 (type: 2)
DEBUG: Found symbol 'T' in scope 0x560e94d80160
DEBUG: Found 'T' in parent hierarchy
DEBUG: resolveType looking up 'T': found
DEBUG: Symbol kind: 10
DEBUG: Symbol type: T
DEBUG: Symbol type kind: 23
DEBUG: resolveType returning resolved type: T (kind: 23)
DEBUG: SymbolTable::lookupSymbol searching for 'processNumber' starting from scope 0x560e94d7f0b0
DEBUG: Scope::lookupSymbol searching for 'processNumber' in scope 0x560e94d7f0b0 (type: 0)
DEBUG: Found symbol 'processNumber' in scope 0x560e94d7f0b0
DEBUG: Found 'processNumber' in parent hierarchy
DEBUG: declareSymbol called for: T (kind: 10)
DEBUG: Symbol successfully declared: T
DEBUG: SymbolTable::lookupSymbol searching for 'T' starting from scope 0x560e950fdf30
DEBUG: Scope::lookupSymbol searching for 'T' in scope 0x560e950fdf30 (type: 2)
DEBUG: Found symbol 'T' in scope 0x560e950fdf30
DEBUG: Found 'T' in parent hierarchy
DEBUG: resolveType looking up 'T': found
DEBUG: Symbol kind: 10
DEBUG: Symbol type: T
DEBUG: Symbol type kind: 23
DEBUG: resolveType returning resolved type: T (kind: 23)
DEBUG: Processing parameter 'value' with type: T
DEBUG: Parameter type kind before resolve: 12
DEBUG: SymbolTable::lookupSymbol searching for 'T' starting from scope 0x560e950fdf30
DEBUG: Scope::lookupSymbol searching for 'T' in scope 0x560e950fdf30 (type: 2)
DEBUG: Found symbol 'T' in scope 0x560e950fdf30
DEBUG: Found 'T' in parent hierarchy
DEBUG: resolveType looking up 'T': found
DEBUG: Symbol kind: 10
DEBUG: Symbol type: T
DEBUG: Symbol type kind: 23
DEBUG: resolveType returning resolved type: T (kind: 23)
DEBUG: Parameter type kind after resolve: 23
DEBUG: SymbolTable::lookupSymbol searching for 'value' starting from scope 0x560e950fe2d0
DEBUG: Scope::lookupSymbol searching for 'value' in scope 0x560e950fe2d0 (type: 3)
DEBUG: Symbol not found in scope 0x560e950fe2d0, searching parent scope 0x560e950fdf30
DEBUG: Scope::lookupSymbol searching for 'value' in scope 0x560e950fdf30 (type: 2)
DEBUG: Found symbol 'value' in scope 0x560e950fdf30
DEBUG: Found 'value' in parent hierarchy
DEBUG: SymbolTable::lookupSymbol searching for 'T' starting from scope 0x560e950fe2d0
DEBUG: Scope::lookupSymbol searching for 'T' in scope 0x560e950fe2d0 (type: 3)
DEBUG: Symbol not found in scope 0x560e950fe2d0, searching parent scope 0x560e950fdf30
DEBUG: Scope::lookupSymbol searching for 'T' in scope 0x560e950fdf30 (type: 2)
DEBUG: Found symbol 'T' in scope 0x560e950fdf30
DEBUG: Found 'T' in parent hierarchy
DEBUG: resolveType looking up 'T': found
DEBUG: Symbol kind: 10
DEBUG: Symbol type: T
DEBUG: Symbol type kind: 23
DEBUG: resolveType returning resolved type: T (kind: 23)
DEBUG: SymbolTable::lookupSymbol searching for 'main' starting from scope 0x560e94d7f0b0
DEBUG: Scope::lookupSymbol searching for 'main' in scope 0x560e94d7f0b0 (type: 0)
DEBUG: Found symbol 'main' in scope 0x560e94d7f0b0
DEBUG: Found 'main' in parent hierarchy
DEBUG: SymbolTable::lookupSymbol searching for 'processString' starting from scope 0x560e950fe470
DEBUG: Scope::lookupSymbol searching for 'processString' in scope 0x560e950fe470 (type: 3)
DEBUG: Symbol not found in scope 0x560e950fe470, searching parent scope 0x560e950fe3b0
DEBUG: Scope::lookupSymbol searching for 'processString' in scope 0x560e950fe3b0 (type: 2)
DEBUG: Symbol not found in scope 0x560e950fe3b0, searching parent scope 0x560e94d7f0b0
DEBUG: Scope::lookupSymbol searching for 'processString' in scope 0x560e94d7f0b0 (type: 0)
DEBUG: Found symbol 'processString' in scope 0x560e94d7f0b0
DEBUG: Found 'processString' in parent hierarchy
DEBUG: SymbolTable::lookupSymbol searching for 'processString' starting from scope 0x560e950fe470
DEBUG: Scope::lookupSymbol searching for 'processString' in scope 0x560e950fe470 (type: 3)
DEBUG: Symbol not found in scope 0x560e950fe470, searching parent scope 0x560e950fe3b0
DEBUG: Scope::lookupSymbol searching for 'processString' in scope 0x560e950fe3b0 (type: 2)
DEBUG: Symbol not found in scope 0x560e950fe3b0, searching parent scope 0x560e94d7f0b0
DEBUG: Scope::lookupSymbol searching for 'processString' in scope 0x560e94d7f0b0 (type: 0)
DEBUG: Found symbol 'processString' in scope 0x560e94d7f0b0
DEBUG: Found 'processString' in parent hierarchy
DEBUG: Checking argument 0: number vs parameter: T
DEBUG: Argument type kind: 0, Parameter type kind: 23
DEBUG: Checking if number is assignable to type parameter T
DEBUG: Type parameter has constraint: string
DEBUG: number is assignable to constraint string: NO
DEBUG: Assignment failed for number to T
DEBUG: Adding variable invalidStr with type: error
DEBUG: Current scope when adding variable: 0x560e950fe470
DEBUG: Scope hierarchy when adding variable invalidStr:
  Level 0: 0x560e950fe470 (type: 3, name: )
  Level 1: 0x560e950fe3b0 (type: 2, name: main)
  Level 2: 0x560e94d7f0b0 (type: 0, name: global)
DEBUG: SymbolTable::lookupSymbol searching for 'processNumber' starting from scope 0x560e950fe470
DEBUG: Scope::lookupSymbol searching for 'processNumber' in scope 0x560e950fe470 (type: 3)
DEBUG: Symbol not found in scope 0x560e950fe470, searching parent scope 0x560e950fe3b0
DEBUG: Scope::lookupSymbol searching for 'processNumber' in scope 0x560e950fe3b0 (type: 2)
DEBUG: Symbol not found in scope 0x560e950fe3b0, searching parent scope 0x560e94d7f0b0
DEBUG: Scope::lookupSymbol searching for 'processNumber' in scope 0x560e94d7f0b0 (type: 0)
DEBUG: Found symbol 'processNumber' in scope 0x560e94d7f0b0
DEBUG: Found 'processNumber' in parent hierarchy
DEBUG: SymbolTable::lookupSymbol searching for 'processNumber' starting from scope 0x560e950fe470
DEBUG: Scope::lookupSymbol searching for 'processNumber' in scope 0x560e950fe470 (type: 3)
DEBUG: Symbol not found in scope 0x560e950fe470, searching parent scope 0x560e950fe3b0
DEBUG: Scope::lookupSymbol searching for 'processNumber' in scope 0x560e950fe3b0 (type: 2)
DEBUG: Symbol not found in scope 0x560e950fe3b0, searching parent scope 0x560e94d7f0b0
DEBUG: Scope::lookupSymbol searching for 'processNumber' in scope 0x560e94d7f0b0 (type: 0)
DEBUG: Found symbol 'processNumber' in scope 0x560e94d7f0b0
DEBUG: Found 'processNumber' in parent hierarchy
DEBUG: Checking argument 0: string vs parameter: T
DEBUG: Argument type kind: 1, Parameter type kind: 23
DEBUG: Checking if string is assignable to type parameter T
DEBUG: Type parameter has constraint: number
DEBUG: string is assignable to constraint number: NO
DEBUG: Assignment failed for string to T
DEBUG: Adding variable invalidNum with type: error
DEBUG: Current scope when adding variable: 0x560e950fe470
DEBUG: Scope hierarchy when adding variable invalidNum:
  Level 0: 0x560e950fe470 (type: 3, name: )
  Level 1: 0x560e950fe3b0 (type: 2, name: main)
  Level 2: 0x560e94d7f0b0 (type: 0, name: global)
DEBUG: SymbolTable::lookupSymbol searching for 'console' starting from scope 0x560e950fe470
DEBUG: Scope::lookupSymbol searching for 'console' in scope 0x560e950fe470 (type: 3)
DEBUG: Symbol not found in scope 0x560e950fe470, searching parent scope 0x560e950fe3b0
DEBUG: Scope::lookupSymbol searching for 'console' in scope 0x560e950fe3b0 (type: 2)
DEBUG: Symbol not found in scope 0x560e950fe3b0, searching parent scope 0x560e94d7f0b0
DEBUG: Scope::lookupSymbol searching for 'console' in scope 0x560e94d7f0b0 (type: 0)
DEBUG: Found symbol 'console' in scope 0x560e94d7f0b0
DEBUG: Found 'console' in parent hierarchy
DEBUG: SymbolTable::lookupSymbol searching for 'main' starting from scope 0x560e94d7f0b0
DEBUG: Scope::lookupSymbol searching for 'main' in scope 0x560e94d7f0b0 (type: 0)
DEBUG: Found symbol 'main' in scope 0x560e94d7f0b0
DEBUG: Found 'main' in parent hierarchy
DEBUG: SymbolTable::lookupSymbol searching for 'main' starting from scope 0x560e94d7f0b0
DEBUG: Scope::lookupSymbol searching for 'main' in scope 0x560e94d7f0b0 (type: 0)
DEBUG: Found symbol 'main' in scope 0x560e94d7f0b0
DEBUG: Found 'main' in parent hierarchy
DEBUG: SymbolTable::lookupSymbol searching for 'main' starting from scope 0x560e94d7f0b0
DEBUG: Scope::lookupSymbol searching for 'main' in scope 0x560e94d7f0b0 (type: 0)
DEBUG: Found symbol 'main' in scope 0x560e94d7f0b0
DEBUG: Found 'main' in parent hierarchy
DEBUG: *** module.accept(*this) COMPLETED ***
[3] Starting code generation
DEBUG: LLVMCodeGen received SymbolTable at address: 0x560e94e5ea80
DEBUG: Module statement type: N3tsc19FunctionDeclarationE
DEBUG: Adding FunctionDeclaration to functionDecls
DEBUG: Module statement type: N3tsc19FunctionDeclarationE
DEBUG: Adding FunctionDeclaration to functionDecls
DEBUG: Module statement type: N3tsc19FunctionDeclarationE
DEBUG: Adding FunctionDeclaration to functionDecls
DEBUG: Module statement type: N3tsc19ExpressionStatementE
DEBUG: Adding statement to moduleStatements
DEBUG: Processing 0 class declarations
DEBUG: Processing function declaration: processString
DEBUG: Current function context: null
DEBUG: Basic blocks after function creation:
DEBUG: Navigated to scope 0x560e94d80160 (type: 2, name: processString)
DEBUG: LLVMCodeGen navigated to function scope: processString at address: 0x560e94d80160
DEBUG: Current scope after navigation: 0x560e94d80160 (type: 2, name: processString)
DEBUG: Scope hierarchy for function processString:
  Level 0: 0x560e94d80160 (type: 2, name: processString)
  Level 1: 0x560e94d7f0b0 (type: 0, name: global)
DEBUG: Processing function body in generateFunctionBody
DEBUG: Basic blocks before function body processing:
DEBUG: Block 0x560e950fe640 has terminator: NO
DEBUG: LLVMCodeGen processing block with current scope: 0x560e94d80160
DEBUG: Identifier visitor called for: value
DEBUG: loadVariable called for: value
DEBUG: loadVariable found storage for value: YES
DEBUG: Storage type for value: 14
DEBUG: Checking if storage is GlobalVariable for value
DEBUG: Storage value: 0x560e950ffd00
DEBUG: Storage is not a GlobalVariable for value
DEBUG: Storage type name: 14
DEBUG: LLVMCodeGen finished processing block with current scope: 0x560e94d80160
DEBUG: Finished processing function body in generateFunctionBody
DEBUG: Basic blocks after function body processing:
DEBUG: Block 0x560e950fe640 has terminator: YES
DEBUG: Checking terminator after function body processing
DEBUG: Current block: 0x560e950fe640
DEBUG: Current block has terminator: YES
DEBUG: Function already has terminator after body processing
DEBUG: About to check for terminator in generateFunctionBody
DEBUG: Function already has terminator
DEBUG: Checking all basic blocks in function processString
DEBUG: Block 0x560e950fe640 has terminator: YES
DEBUG: Checking all basic blocks after ensuring terminators
DEBUG: Block 0x560e950fe640 has terminator: YES
DEBUG: Popped scope, current scope: 0x560e94d7f0b0 (type: 0, name: global)
DEBUG: LLVMCodeGen finished processing function: processString with current scope: 0x560e94d7f0b0
DEBUG: Processing function declaration: processNumber
DEBUG: Current function context: null
DEBUG: Basic blocks after function creation:
DEBUG: Navigated to scope 0x560e950fdf30 (type: 2, name: processNumber)
DEBUG: LLVMCodeGen navigated to function scope: processNumber at address: 0x560e950fdf30
DEBUG: Current scope after navigation: 0x560e950fdf30 (type: 2, name: processNumber)
DEBUG: Scope hierarchy for function processNumber:
  Level 0: 0x560e950fdf30 (type: 2, name: processNumber)
  Level 1: 0x560e94d7f0b0 (type: 0, name: global)
DEBUG: Processing function body in generateFunctionBody
DEBUG: Basic blocks before function body processing:
DEBUG: Block 0x560e95100530 has terminator: NO
DEBUG: LLVMCodeGen processing block with current scope: 0x560e950fdf30
DEBUG: Identifier visitor called for: value
DEBUG: loadVariable called for: value
DEBUG: loadVariable found storage for value: YES
DEBUG: Storage type for value: 14
DEBUG: Checking if storage is GlobalVariable for value
DEBUG: Storage value: 0x560e951005d0
DEBUG: Storage is not a GlobalVariable for value
DEBUG: Storage type name: 14
DEBUG: LLVMCodeGen finished processing block with current scope: 0x560e950fdf30
DEBUG: Finished processing function body in generateFunctionBody
DEBUG: Basic blocks after function body processing:
DEBUG: Block 0x560e95100530 has terminator: YES
DEBUG: Checking terminator after function body processing
DEBUG: Current block: 0x560e95100530
DEBUG: Current block has terminator: YES
DEBUG: Function already has terminator after body processing
DEBUG: About to check for terminator in generateFunctionBody
DEBUG: Function already has terminator
DEBUG: Checking all basic blocks in function processNumber
DEBUG: Block 0x560e95100530 has terminator: YES
DEBUG: Checking all basic blocks after ensuring terminators
DEBUG: Block 0x560e95100530 has terminator: YES
DEBUG: Popped scope, current scope: 0x560e94d7f0b0 (type: 0, name: global)
DEBUG: LLVMCodeGen finished processing function: processNumber with current scope: 0x560e94d7f0b0
DEBUG: Processing function declaration: main
DEBUG: Current function context: null
DEBUG: Basic blocks after function creation:
DEBUG: Navigated to scope 0x560e950fe3b0 (type: 2, name: main)
DEBUG: LLVMCodeGen navigated to function scope: main at address: 0x560e950fe3b0
DEBUG: Current scope after navigation: 0x560e950fe3b0 (type: 2, name: main)
DEBUG: Scope hierarchy for function main:
  Level 0: 0x560e950fe3b0 (type: 2, name: main)
  Level 1: 0x560e94d7f0b0 (type: 0, name: global)
DEBUG: Main function scope - checking for symbols...
DEBUG: Main function scope address: 0x560e950fe3b0
DEBUG: Processing function body in generateFunctionBody
DEBUG: Basic blocks before function body processing:
DEBUG: Block 0x560e951008e0 has terminator: NO
DEBUG: LLVMCodeGen processing block with current scope: 0x560e950fe3b0
DEBUG: VariableDeclaration visitor called for variable: invalidStr
DEBUG: SymbolTable::lookupSymbol searching for 'invalidStr' starting from scope 0x560e950fe3b0
DEBUG: Scope::lookupSymbol searching for 'invalidStr' in scope 0x560e950fe3b0 (type: 2)
DEBUG: Symbol not found in scope 0x560e950fe3b0, searching parent scope 0x560e94d7f0b0
DEBUG: Scope::lookupSymbol searching for 'invalidStr' in scope 0x560e94d7f0b0 (type: 0)
DEBUG: Symbol 'invalidStr' not found in any scope
DEBUG: Not found in parent hierarchy, searching child scopes...
DEBUG: Found 'invalidStr' in child scopes
DEBUG: Variable invalidStr using symbol table type: error
DEBUG: CallExpression visitor called
DEBUG: Identifier visitor called for: processString
DEBUG: Created non-void function call to processString
DEBUG: Function call generated in block: entry
DEBUG: Variable invalidStr allocated storage: YES
DEBUG: Variable invalidStr initValue: YES storage: YES
DEBUG: Variable invalidStr currentFunc: main
DEBUG: Storing as local variable: invalidStr
DEBUG: VariableDeclaration visitor called for variable: invalidNum
DEBUG: SymbolTable::lookupSymbol searching for 'invalidNum' starting from scope 0x560e950fe3b0
DEBUG: Scope::lookupSymbol searching for 'invalidNum' in scope 0x560e950fe3b0 (type: 2)
DEBUG: Symbol not found in scope 0x560e950fe3b0, searching parent scope 0x560e94d7f0b0
DEBUG: Scope::lookupSymbol searching for 'invalidNum' in scope 0x560e94d7f0b0 (type: 0)
DEBUG: Symbol 'invalidNum' not found in any scope
DEBUG: Not found in parent hierarchy, searching child scopes...
DEBUG: Found 'invalidNum' in child scopes
DEBUG: Variable invalidNum using symbol table type: error
DEBUG: CallExpression visitor called
DEBUG: Identifier visitor called for: processNumber
DEBUG: getStringType() returning type: 14
DEBUG: Created non-void function call to processNumber
DEBUG: Function call generated in block: entry
DEBUG: Variable invalidNum allocated storage: YES
DEBUG: Variable invalidNum initValue: YES storage: YES
DEBUG: Variable invalidNum currentFunc: main
DEBUG: Storing as local variable: invalidNum
DEBUG: ExpressionStatement visitor called
DEBUG: CallExpression visitor called
DEBUG: CallExpression - Method call detected: log
DEBUG: CallExpression - Number of arguments: 1
DEBUG: CallExpression - Argument 0 type: N3tsc13StringLiteralE
DEBUG: PropertyAccess visitor called for property: log
DEBUG: PropertyAccess - object type: present
DEBUG: PropertyAccess - object class: N3tsc10IdentifierE
DEBUG: PropertyAccess - identifier name: console, property: log
DEBUG: SymbolTable::lookupSymbol searching for 'console' starting from scope 0x560e950fe3b0
DEBUG: Scope::lookupSymbol searching for 'console' in scope 0x560e950fe3b0 (type: 2)
DEBUG: Symbol not found in scope 0x560e950fe3b0, searching parent scope 0x560e94d7f0b0
DEBUG: Scope::lookupSymbol searching for 'console' in scope 0x560e94d7f0b0 (type: 0)
DEBUG: Found symbol 'console' in scope 0x560e94d7f0b0
DEBUG: Found 'console' in parent hierarchy
DEBUG: Identifier visitor called for: console
DEBUG: PropertyAccess - objectValue type: pointer
DEBUG: PropertyAccess - current function: main
DEBUG: PropertyAccess - property name: log
DEBUG: PropertyAccess - Not entering struct field access. functionName: main, propertyName: log
DEBUG: PropertyAccess - objectValue type: pointer
DEBUG: PropertyAccess - objectValue type == getAnyType(): true
DEBUG: SymbolTable::lookupSymbol searching for 'console' starting from scope 0x560e950fe3b0
DEBUG: Scope::lookupSymbol searching for 'console' in scope 0x560e950fe3b0 (type: 2)
DEBUG: Symbol not found in scope 0x560e950fe3b0, searching parent scope 0x560e94d7f0b0
DEBUG: Scope::lookupSymbol searching for 'console' in scope 0x560e94d7f0b0 (type: 0)
DEBUG: Found symbol 'console' in scope 0x560e94d7f0b0
DEBUG: Found 'console' in parent hierarchy
DEBUG: SymbolTable::lookupSymbol searching for 'console' starting from scope 0x560e950fe3b0
DEBUG: Scope::lookupSymbol searching for 'console' in scope 0x560e950fe3b0 (type: 2)
DEBUG: Symbol not found in scope 0x560e950fe3b0, searching parent scope 0x560e94d7f0b0
DEBUG: Scope::lookupSymbol searching for 'console' in scope 0x560e94d7f0b0 (type: 0)
DEBUG: Found symbol 'console' in scope 0x560e94d7f0b0
DEBUG: Found 'console' in parent hierarchy
DEBUG: Found symbol console with type: {}
DEBUG: Symbol type is not Generic, it's: 11
DEBUG: SymbolTable::lookupSymbol searching for 'console' starting from scope 0x560e950fe3b0
DEBUG: Scope::lookupSymbol searching for 'console' in scope 0x560e950fe3b0 (type: 2)
DEBUG: Symbol not found in scope 0x560e950fe3b0, searching parent scope 0x560e94d7f0b0
DEBUG: Scope::lookupSymbol searching for 'console' in scope 0x560e94d7f0b0 (type: 0)
DEBUG: Found symbol 'console' in scope 0x560e94d7f0b0
DEBUG: Found 'console' in parent hierarchy
DEBUG: Attempting generic method lookup for symbol: console with type: {}
DEBUG: genericMethodLookup called for method: log on type: {}
DEBUG: No method found for: log on type: {}
DEBUG: Identifier visitor called for: console
DEBUG: SymbolTable::lookupSymbol searching for 'console' starting from scope 0x560e950fe3b0
DEBUG: Scope::lookupSymbol searching for 'console' in scope 0x560e950fe3b0 (type: 2)
DEBUG: Symbol not found in scope 0x560e950fe3b0, searching parent scope 0x560e94d7f0b0
DEBUG: Scope::lookupSymbol searching for 'console' in scope 0x560e94d7f0b0 (type: 0)
DEBUG: Found symbol 'console' in scope 0x560e94d7f0b0
DEBUG: Found 'console' in parent hierarchy
DEBUG: LLVMCodeGen finished processing block with current scope: 0x560e950fe3b0
DEBUG: Finished processing function body in generateFunctionBody
DEBUG: Basic blocks after function body processing:
DEBUG: Block 0x560e951008e0 has terminator: NO
DEBUG: Checking terminator after function body processing
DEBUG: Current block: 0x560e951008e0
DEBUG: Current block has terminator: NO
DEBUG: Function does NOT have terminator after body processing
DEBUG: About to check for terminator in generateFunctionBody
DEBUG: No terminator found, adding return statement
DEBUG: Added default return
DEBUG: Checking all basic blocks in function main
DEBUG: Block 0x560e951008e0 has terminator: YES
DEBUG: Checking all basic blocks after ensuring terminators
DEBUG: Block 0x560e951008e0 has terminator: YES
DEBUG: Popped scope, current scope: 0x560e94d7f0b0 (type: 0, name: global)
DEBUG: LLVMCodeGen finished processing function: main with current scope: 0x560e94d7f0b0
DEBUG: Checking main function generation: moduleStatements=1, mainExists=true, generateMainFunction=true
DEBUG: Starting LLVM IR verification...
DEBUG: Module has 3 functions
DEBUG: Verification result: FAILED
WARNING: LLVM IR verification failed, but continuing...
WARNING: This may be due to unused external function declarations
DEBUG: Attempting to create IR file...
DEBUG: IR file created successfully, printing module...
DEBUG: LLVM IR dumped to generated_ir.ll
