Detected host target triple: x86_64-pc-linux-gnu
Initializing LLVM targets...
Successfully initialized all LLVM targets
Discovering available targets from LLVM...
Discovered target: xtensa
Discovered target: m68k
Discovered target: xcore
Discovered target: x86-64
Discovered target: x86
Discovered target: wasm64
Discovered target: wasm32
Discovered target: ve
Discovered target: systemz
Discovered target: spirv
Discovered target: spirv64
Discovered target: spirv32
Discovered target: sparcel
Discovered target: sparcv9
Discovered target: sparc
Discovered target: riscv64
Discovered target: riscv32
Discovered target: ppc64le
Discovered target: ppc64
Discovered target: ppc32le
Discovered target: ppc32
Discovered target: nvptx64
Discovered target: nvptx
Discovered target: msp430
Discovered target: mips64el
Discovered target: mips64
Discovered target: mipsel
Discovered target: mips
Discovered target: loongarch64
Discovered target: loongarch32
Discovered target: lanai
Discovered target: hexagon
Discovered target: bpfeb
Discovered target: bpfel
Discovered target: bpf
Discovered target: avr
Discovered target: thumbeb
Discovered target: thumb
Discovered target: armeb
Discovered target: arm
Discovered target: amdgcn
Discovered target: r600
Discovered target: aarch64_32
Discovered target: aarch64_be
Discovered target: aarch64
Discovered target: arm64_32
Discovered target: arm64
Target registry initialized successfully with 47 targets
Supported targets: 47/47
DEBUG: Created ModuleSymbolManager
DEBUG: SemanticAnalyzer created SymbolTable at address: 0x5559eab3ca80
DEBUG: Created Infinity global variable with linkage: 0
[0] Starting lexical analysis
[1] Starting syntax analysis
DEBUG: Parser::parse() called with 1620 tokens for file: /workspace/tests/system/generic_constraints/performance_tests.ts
DEBUG: Parser::parseModule() called
DEBUG: Starting parseModule loop, isAtEnd(): 0
DEBUG: parseModule loop iteration, calling parseStatement()
DEBUG: parseStatement() called
DEBUG: parseStatement() called
DEBUG: Current token type: 1
DEBUG: parseStatement returned a statement
DEBUG: parseModule loop iteration, calling parseStatement()
DEBUG: parseStatement() called
DEBUG: parseStatement() called
DEBUG: Current token type: 1
DEBUG: Current token type: 1
DEBUG: parseStatement returned a statement
DEBUG: parseModule loop iteration, calling parseStatement()
DEBUG: parseStatement() called
DEBUG: parseStatement() called
DEBUG: Current token type: 1
DEBUG: Current token type: 1
DEBUG: parseStatement returned a statement
DEBUG: parseModule loop iteration, calling parseStatement()
DEBUG: parseStatement() called
DEBUG: parseStatement() called
DEBUG: Current token type: 1
DEBUG: Current token type: 1
DEBUG: parseStatement returned a statement
DEBUG: parseModule loop iteration, calling parseStatement()
DEBUG: parseStatement() called
DEBUG: parseStatement returned a statement
DEBUG: parseModule loop iteration, calling parseStatement()
DEBUG: parseStatement() called
DEBUG: parseStatement returned a statement
DEBUG: parseModule loop iteration, calling parseStatement()
DEBUG: parseStatement() called
DEBUG: parseStatement returned a statement
DEBUG: parseModule loop iteration, calling parseStatement()
DEBUG: parseStatement() called
DEBUG: parseStatement() called
DEBUG: Current token type: 6
DEBUG: Current token type: 1
DEBUG: Current token type: 1
DEBUG: Current token type: 1
DEBUG: parseStatement returned a statement
DEBUG: parseModule loop iteration, calling parseStatement()
DEBUG: parseStatement() called
DEBUG: Current token type: 95
DEBUG: Current token type: 95
DEBUG: Parser found method declaration: addItem1
DEBUG: parseStatement() called
DEBUG: Current token type: 35
DEBUG: Current token type: 1
DEBUG: Parser found method declaration: addItem2
DEBUG: parseStatement() called
DEBUG: Current token type: 35
DEBUG: Current token type: 1
DEBUG: Parser found method declaration: processItems
DEBUG: parseStatement() called
DEBUG: parseVariableStatement called, current token: Identifier(results)
DEBUG: Current token type: 95
DEBUG: parseStatement() called
DEBUG: Current token type: 35
DEBUG: parseStatement() called
DEBUG: parseStatement() called
DEBUG: Current token type: 35
DEBUG: parseStatement() called
DEBUG: parseStatement() called
DEBUG: Current token type: 1
DEBUG: Current token type: 6
DEBUG: Current token type: 1
DEBUG: Current token type: 1
DEBUG: parseStatement() called
DEBUG: Current token type: 1
DEBUG: parseStatement returned a statement
DEBUG: parseModule loop iteration, calling parseStatement()
DEBUG: parseStatement() called
DEBUG: parseStatement returned a statement
DEBUG: parseModule loop iteration, calling parseStatement()
DEBUG: parseStatement() called
DEBUG: parseStatement() called
DEBUG: parseVariableStatement called, current token: Identifier(count)
DEBUG: parseStatement() called
DEBUG: Current token type: 1
DEBUG: parseStatement() called
DEBUG: parseStatement() called
DEBUG: Current token type: 1
DEBUG: Current token type: 1
DEBUG: Current token type: 1
DEBUG: parseStatement() called
DEBUG: Current token type: 1
DEBUG: parseStatement returned a statement
DEBUG: parseModule loop iteration, calling parseStatement()
DEBUG: parseStatement() called
DEBUG: parseStatement threw CompilerError
DEBUG: parseModule loop iteration, calling parseStatement()
DEBUG: parseStatement() called
DEBUG: Current token type: 92
DEBUG: parseStatement threw CompilerError
DEBUG: parseModule loop iteration, calling parseStatement()
DEBUG: parseStatement() called
DEBUG: parseStatement() called
DEBUG: Current token type: 1
DEBUG: parseStatement returned a statement
DEBUG: parseModule loop iteration, calling parseStatement()
DEBUG: parseStatement() called
DEBUG: parseStatement threw CompilerError
DEBUG: parseModule loop iteration, calling parseStatement()
DEBUG: parseStatement() called
DEBUG: parseStatement() called
DEBUG: Current token type: 1
DEBUG: Current token type: 1
DEBUG: parseStatement returned a statement
DEBUG: parseModule loop iteration, calling parseStatement()
DEBUG: parseStatement() called
DEBUG: parseStatement() called
DEBUG: Current token type: 1
DEBUG: Current token type: 1
DEBUG: parseStatement threw CompilerError
DEBUG: parseModule loop iteration, calling parseStatement()
DEBUG: parseStatement() called
DEBUG: Current token type: 92
DEBUG: parseStatement threw CompilerError
DEBUG: parseModule loop iteration, calling parseStatement()
DEBUG: parseStatement() called
DEBUG: parseStatement threw CompilerError
DEBUG: parseModule loop iteration, calling parseStatement()
DEBUG: parseStatement() called
DEBUG: parseVariableStatement called, current token: Identifier(result)
DEBUG: Current token type: 91
DEBUG: parseStatement threw CompilerError
DEBUG: parseModule loop iteration, calling parseStatement()
DEBUG: parseStatement() called
DEBUG: parseStatement threw CompilerError
DEBUG: parseModule loop iteration, calling parseStatement()
DEBUG: parseStatement() called
DEBUG: Current token type: 92
DEBUG: parseStatement threw CompilerError
DEBUG: parseModule loop iteration, calling parseStatement()
DEBUG: parseStatement() called
DEBUG: Current token type: 1
DEBUG: parseStatement returned a statement
DEBUG: parseModule loop iteration, calling parseStatement()
DEBUG: parseStatement() called
DEBUG: Current token type: 92
DEBUG: parseStatement threw CompilerError
DEBUG: parseModule loop iteration, calling parseStatement()
DEBUG: parseStatement() called
DEBUG: parseVariableStatement called, current token: Identifier(testString)
DEBUG: parseStatement returned a statement
DEBUG: parseModule loop iteration, calling parseStatement()
DEBUG: parseStatement() called
DEBUG: parseVariableStatement called, current token: Identifier(complexItem1)
DEBUG: Current token type: 91
DEBUG: parseStatement returned a statement
DEBUG: parseModule loop iteration, calling parseStatement()
DEBUG: parseStatement() called
DEBUG: parseVariableStatement called, current token: Identifier(complexItem2)
DEBUG: Current token type: 91
DEBUG: parseStatement returned a statement
DEBUG: parseModule loop iteration, calling parseStatement()
DEBUG: parseStatement() called
DEBUG: parseVariableStatement called, current token: Identifier(complexItem3)
DEBUG: Current token type: 91
DEBUG: Current token type: 1
DEBUG: parseStatement returned a statement
DEBUG: parseModule loop iteration, calling parseStatement()
DEBUG: parseStatement() called
DEBUG: parseVariableStatement called, current token: Identifier(recursiveItem)
DEBUG: Current token type: 91
DEBUG: Current token type: 95
DEBUG: Current token type: 91
DEBUG: Current token type: 95
DEBUG: Current token type: 91
DEBUG: Current token type: 95
DEBUG: Current token type: 91
DEBUG: Current token type: 95
DEBUG: parseStatement returned a statement
DEBUG: parseModule loop iteration, calling parseStatement()
DEBUG: parseStatement() called
DEBUG: parseVariableStatement called, current token: Identifier(largeItem)
DEBUG: Current token type: 91
DEBUG: Current token type: 1
DEBUG: parseStatement threw CompilerError
DEBUG: parseModule loop iteration, calling parseStatement()
DEBUG: parseStatement() called
DEBUG: parseVariableStatement called, current token: Identifier(stringArray)
DEBUG: Current token type: 95
DEBUG: parseStatement returned a statement
DEBUG: parseModule loop iteration, calling parseStatement()
DEBUG: parseStatement() called
DEBUG: parseVariableStatement called, current token: Identifier(stringObject)
DEBUG: Current token type: 91
DEBUG: parseStatement returned a statement
DEBUG: parseModule loop iteration, calling parseStatement()
DEBUG: parseStatement() called
DEBUG: parseStatement() called
DEBUG: Current token type: 1
DEBUG: parseStatement() called
DEBUG: parseVariableStatement called, current token: Identifier(startTime)
DEBUG: Current token type: 1
DEBUG: parseStatement() called
DEBUG: Current token type: 1
DEBUG: parseStatement threw CompilerError
DEBUG: parseModule loop iteration, calling parseStatement()
DEBUG: parseStatement() called
DEBUG: Current token type: 1
DEBUG: parseStatement threw CompilerError
DEBUG: parseModule loop iteration, calling parseStatement()
DEBUG: parseStatement() called
DEBUG: parseVariableStatement called, current token: Identifier(result)
DEBUG: Current token type: 1
DEBUG: Current token type: 1
DEBUG: parseStatement returned a statement
DEBUG: parseModule loop iteration, calling parseStatement()
DEBUG: parseStatement() called
DEBUG: Current token type: 92
DEBUG: parseStatement threw CompilerError
DEBUG: parseModule loop iteration, calling parseStatement()
DEBUG: parseStatement() called
DEBUG: parseVariableStatement called, current token: Identifier(nestedTime)
DEBUG: Current token type: 1
DEBUG: Current token type: 1
DEBUG: parseStatement returned a statement
DEBUG: parseModule loop iteration, calling parseStatement()
DEBUG: parseStatement() called
DEBUG: Current token type: 1
DEBUG: Current token type: 6
DEBUG: Current token type: 1
DEBUG: parseStatement returned a statement
DEBUG: parseModule loop iteration, calling parseStatement()
DEBUG: parseStatement() called
DEBUG: parseVariableStatement called, current token: Identifier(startTime2)
DEBUG: Current token type: 1
DEBUG: parseStatement returned a statement
DEBUG: parseModule loop iteration, calling parseStatement()
DEBUG: parseStatement() called
DEBUG: Current token type: 1
DEBUG: parseStatement threw CompilerError
DEBUG: parseModule loop iteration, calling parseStatement()
DEBUG: parseStatement() called
DEBUG: Current token type: 1
DEBUG: parseStatement threw CompilerError
DEBUG: parseModule loop iteration, calling parseStatement()
DEBUG: parseStatement() called
DEBUG: parseVariableStatement called, current token: Identifier(result)
DEBUG: Current token type: 1
DEBUG: Current token type: 1
DEBUG: Current token type: 1
DEBUG: Current token type: 1
DEBUG: parseStatement returned a statement
DEBUG: parseModule loop iteration, calling parseStatement()
DEBUG: parseStatement() called
DEBUG: Current token type: 92
DEBUG: parseStatement threw CompilerError
DEBUG: parseModule loop iteration, calling parseStatement()
DEBUG: parseStatement() called
DEBUG: parseVariableStatement called, current token: Identifier(complexTime)
DEBUG: Current token type: 1
DEBUG: Current token type: 1
DEBUG: parseStatement returned a statement
DEBUG: parseModule loop iteration, calling parseStatement()
DEBUG: parseStatement() called
DEBUG: Current token type: 1
DEBUG: Current token type: 6
DEBUG: Current token type: 1
DEBUG: parseStatement returned a statement
DEBUG: parseModule loop iteration, calling parseStatement()
DEBUG: parseStatement() called
DEBUG: parseVariableStatement called, current token: Identifier(startTime3)
DEBUG: Current token type: 1
DEBUG: parseStatement returned a statement
DEBUG: parseModule loop iteration, calling parseStatement()
DEBUG: parseStatement() called
DEBUG: parseVariableStatement called, current token: Identifier(complexClass)
DEBUG: Current token type: 31
DEBUG: Current token type: 1
DEBUG: Parser found type arguments in NewExpression
DEBUG: Parsed 2 type arguments
DEBUG: parseStatement returned a statement
DEBUG: parseModule loop iteration, calling parseStatement()
DEBUG: parseStatement() called
DEBUG: Current token type: 1
DEBUG: parseStatement threw CompilerError
DEBUG: parseModule loop iteration, calling parseStatement()
DEBUG: parseStatement() called
DEBUG: Current token type: 1
DEBUG: parseStatement threw CompilerError
DEBUG: parseModule loop iteration, calling parseStatement()
DEBUG: parseStatement() called
DEBUG: Current token type: 1
DEBUG: Current token type: 91
DEBUG: Current token type: 1
DEBUG: Current token type: 6
DEBUG: Current token type: 1
DEBUG: parseStatement returned a statement
DEBUG: parseModule loop iteration, calling parseStatement()
DEBUG: parseStatement() called
DEBUG: Current token type: 92
DEBUG: parseStatement threw CompilerError
DEBUG: parseModule loop iteration, calling parseStatement()
DEBUG: parseStatement() called
DEBUG: parseVariableStatement called, current token: Identifier(classResults)
DEBUG: Current token type: 1
DEBUG: parseStatement returned a statement
DEBUG: parseModule loop iteration, calling parseStatement()
DEBUG: parseStatement() called
DEBUG: parseVariableStatement called, current token: Identifier(classTime)
DEBUG: Current token type: 1
DEBUG: Current token type: 1
DEBUG: parseStatement returned a statement
DEBUG: parseModule loop iteration, calling parseStatement()
DEBUG: parseStatement() called
DEBUG: Current token type: 1
DEBUG: Current token type: 6
DEBUG: Current token type: 1
DEBUG: Current token type: 1
DEBUG: parseStatement returned a statement
DEBUG: parseModule loop iteration, calling parseStatement()
DEBUG: parseStatement() called
DEBUG: parseVariableStatement called, current token: Identifier(startTime4)
DEBUG: Current token type: 1
DEBUG: parseStatement returned a statement
DEBUG: parseModule loop iteration, calling parseStatement()
DEBUG: parseStatement() called
DEBUG: parseVariableStatement called, current token: Identifier(recursiveCount)
DEBUG: Current token type: 1
DEBUG: Current token type: 1
DEBUG: parseStatement returned a statement
DEBUG: parseModule loop iteration, calling parseStatement()
DEBUG: parseStatement() called
DEBUG: parseVariableStatement called, current token: Identifier(recursiveTime)
DEBUG: Current token type: 1
DEBUG: Current token type: 1
DEBUG: parseStatement returned a statement
DEBUG: parseModule loop iteration, calling parseStatement()
DEBUG: parseStatement() called
DEBUG: Current token type: 1
DEBUG: Current token type: 6
DEBUG: Current token type: 1
DEBUG: Current token type: 1
DEBUG: parseStatement returned a statement
DEBUG: parseModule loop iteration, calling parseStatement()
DEBUG: parseStatement() called
DEBUG: parseVariableStatement called, current token: Identifier(startTime5)
DEBUG: Current token type: 1
DEBUG: parseStatement returned a statement
DEBUG: parseModule loop iteration, calling parseStatement()
DEBUG: parseStatement() called
DEBUG: parseVariableStatement called, current token: Identifier(largeResult)
DEBUG: Current token type: 1
DEBUG: Current token type: 1
DEBUG: parseStatement returned a statement
DEBUG: parseModule loop iteration, calling parseStatement()
DEBUG: parseStatement() called
DEBUG: parseVariableStatement called, current token: Identifier(largeTime)
DEBUG: Current token type: 1
DEBUG: Current token type: 1
DEBUG: parseStatement returned a statement
DEBUG: parseModule loop iteration, calling parseStatement()
DEBUG: parseStatement() called
DEBUG: Current token type: 1
DEBUG: Current token type: 6
DEBUG: Current token type: 1
DEBUG: Current token type: 1
DEBUG: parseStatement returned a statement
DEBUG: parseModule loop iteration, calling parseStatement()
DEBUG: parseStatement() called
DEBUG: parseVariableStatement called, current token: Identifier(startTime6)
DEBUG: Current token type: 1
DEBUG: parseStatement returned a statement
DEBUG: parseModule loop iteration, calling parseStatement()
DEBUG: parseStatement() called
DEBUG: parseVariableStatement called, current token: Identifier(functionResult)
DEBUG: Current token type: 1
DEBUG: Current token type: 70
DEBUG: parseStatement threw CompilerError
DEBUG: parseModule loop iteration, calling parseStatement()
DEBUG: parseStatement() called
DEBUG: parseVariableStatement called, current token: Identifier(functionTime)
DEBUG: Current token type: 1
DEBUG: Current token type: 1
DEBUG: parseStatement returned a statement
DEBUG: parseModule loop iteration, calling parseStatement()
DEBUG: parseStatement() called
DEBUG: Current token type: 1
DEBUG: Current token type: 6
DEBUG: Current token type: 1
DEBUG: Current token type: 1
DEBUG: parseStatement returned a statement
DEBUG: parseModule loop iteration, calling parseStatement()
DEBUG: parseStatement() called
DEBUG: parseVariableStatement called, current token: Identifier(startTime7)
DEBUG: Current token type: 1
DEBUG: parseStatement returned a statement
DEBUG: parseModule loop iteration, calling parseStatement()
DEBUG: parseStatement() called
DEBUG: parseVariableStatement called, current token: Identifier(arrayResult)
DEBUG: Current token type: 1
DEBUG: Current token type: 1
DEBUG: parseStatement returned a statement
DEBUG: parseModule loop iteration, calling parseStatement()
DEBUG: parseStatement() called
DEBUG: parseVariableStatement called, current token: Identifier(arrayTime)
DEBUG: Current token type: 1
DEBUG: Current token type: 1
DEBUG: parseStatement returned a statement
DEBUG: parseModule loop iteration, calling parseStatement()
DEBUG: parseStatement() called
DEBUG: Current token type: 1
DEBUG: Current token type: 6
DEBUG: Current token type: 1
DEBUG: Current token type: 1
DEBUG: parseStatement returned a statement
DEBUG: parseModule loop iteration, calling parseStatement()
DEBUG: parseStatement() called
DEBUG: parseVariableStatement called, current token: Identifier(startTime8)
DEBUG: Current token type: 1
DEBUG: parseStatement returned a statement
DEBUG: parseModule loop iteration, calling parseStatement()
DEBUG: parseStatement() called
DEBUG: parseVariableStatement called, current token: Identifier(objectResult)
DEBUG: Current token type: 1
DEBUG: parseStatement threw CompilerError
DEBUG: parseModule loop iteration, calling parseStatement()
DEBUG: parseStatement() called
DEBUG: parseVariableStatement called, current token: Identifier(objectTime)
DEBUG: Current token type: 1
DEBUG: Current token type: 1
DEBUG: parseStatement returned a statement
DEBUG: parseModule loop iteration, calling parseStatement()
DEBUG: parseStatement() called
DEBUG: Current token type: 1
DEBUG: Current token type: 6
DEBUG: Current token type: 1
DEBUG: Current token type: 1
DEBUG: Current token type: 1
DEBUG: parseStatement returned a statement
DEBUG: parseModule loop iteration, calling parseStatement()
DEBUG: parseStatement() called
DEBUG: parseVariableStatement called, current token: Identifier(totalTime)
DEBUG: Current token type: 1
DEBUG: Current token type: 1
DEBUG: parseStatement returned a statement
DEBUG: parseModule loop iteration, calling parseStatement()
DEBUG: parseStatement() called
DEBUG: Current token type: 1
DEBUG: Current token type: 6
DEBUG: Current token type: 1
DEBUG: parseStatement returned a statement
DEBUG: parseModule loop iteration, calling parseStatement()
DEBUG: parseStatement() called
DEBUG: Current token type: 92
DEBUG: parseStatement threw CompilerError
DEBUG: parseModule loop iteration, calling parseStatement()
DEBUG: parseStatement() called
DEBUG: parseStatement() called
DEBUG: Current token type: 1
DEBUG: parseStatement() called
DEBUG: parseVariableStatement called, current token: Identifier(instances)
DEBUG: parseStatement threw CompilerError
DEBUG: parseModule loop iteration, calling parseStatement()
DEBUG: parseStatement() called
DEBUG: Current token type: 1
DEBUG: parseStatement threw CompilerError
DEBUG: parseModule loop iteration, calling parseStatement()
DEBUG: parseStatement() called
DEBUG: Current token type: 1
DEBUG: parseStatement threw CompilerError
DEBUG: parseModule loop iteration, calling parseStatement()
DEBUG: parseStatement() called
DEBUG: parseVariableStatement called, current token: Identifier(instance)
DEBUG: Current token type: 31
DEBUG: Current token type: 1
DEBUG: Parser found type arguments in NewExpression
DEBUG: Parsed 2 type arguments
DEBUG: parseStatement returned a statement
DEBUG: parseModule loop iteration, calling parseStatement()
DEBUG: parseStatement() called
DEBUG: Current token type: 1
DEBUG: Current token type: 91
DEBUG: Current token type: 1
DEBUG: Current token type: 6
DEBUG: Current token type: 1
DEBUG: parseStatement returned a statement
DEBUG: parseModule loop iteration, calling parseStatement()
DEBUG: parseStatement() called
DEBUG: Current token type: 1
DEBUG: Current token type: 91
DEBUG: Current token type: 1
DEBUG: Current token type: 6
DEBUG: Current token type: 1
DEBUG: parseStatement returned a statement
DEBUG: parseModule loop iteration, calling parseStatement()
DEBUG: parseStatement() called
DEBUG: Current token type: 1
DEBUG: Current token type: 1
DEBUG: parseStatement returned a statement
DEBUG: parseModule loop iteration, calling parseStatement()
DEBUG: parseStatement() called
DEBUG: Current token type: 92
DEBUG: parseStatement threw CompilerError
DEBUG: parseModule loop iteration, calling parseStatement()
DEBUG: parseStatement() called
DEBUG: parseVariableStatement called, current token: Identifier(totalResults)
DEBUG: parseStatement returned a statement
DEBUG: parseModule loop iteration, calling parseStatement()
DEBUG: parseStatement() called
DEBUG: Current token type: 1
DEBUG: parseStatement() called
DEBUG: parseStatement() called
DEBUG: parseVariableStatement called, current token: Identifier(results)
DEBUG: Current token type: 1
DEBUG: parseStatement() called
DEBUG: Current token type: 1
DEBUG: Current token type: 1
DEBUG: parseStatement returned a statement
DEBUG: parseModule loop iteration, calling parseStatement()
DEBUG: parseStatement() called
DEBUG: Current token type: 1
DEBUG: Current token type: 6
DEBUG: Current token type: 1
DEBUG: parseStatement returned a statement
DEBUG: parseModule loop iteration, calling parseStatement()
DEBUG: parseStatement() called
DEBUG: Current token type: 1
DEBUG: parseStatement returned a statement
DEBUG: parseModule loop iteration, calling parseStatement()
DEBUG: parseStatement() called
DEBUG: Current token type: 1
DEBUG: parseStatement returned a statement
DEBUG: parseModule loop iteration, calling parseStatement()
DEBUG: parseStatement() called
DEBUG: Current token type: 92
DEBUG: parseStatement threw CompilerError
DEBUG: parseModule loop iteration, calling parseStatement()
DEBUG: parseStatement() called
DEBUG: parseStatement() called
DEBUG: Current token type: 1
DEBUG: parseStatement() called
DEBUG: parseStatement() called
DEBUG: parseVariableStatement called, current token: Identifier(result1)
DEBUG: Current token type: 1
DEBUG: parseStatement() called
DEBUG: parseVariableStatement called, current token: Identifier(result2)
DEBUG: Current token type: 1
DEBUG: parseStatement() called
DEBUG: parseVariableStatement called, current token: Identifier(result3)
DEBUG: Current token type: 1
DEBUG: parseStatement() called
DEBUG: parseVariableStatement called, current token: Identifier(result4)
DEBUG: Current token type: 1
DEBUG: parseStatement() called
DEBUG: parseVariableStatement called, current token: Identifier(result5)
DEBUG: Current token type: 1
DEBUG: parseStatement() called
DEBUG: parseVariableStatement called, current token: Identifier(complex1)
DEBUG: Current token type: 1
DEBUG: Current token type: 1
DEBUG: Current token type: 1
DEBUG: Current token type: 1
DEBUG: parseStatement() called
DEBUG: parseVariableStatement called, current token: Identifier(complex2)
DEBUG: Current token type: 1
DEBUG: Current token type: 1
DEBUG: Current token type: 1
DEBUG: Current token type: 1
DEBUG: parseStatement() called
DEBUG: parseVariableStatement called, current token: Identifier(complex3)
DEBUG: Current token type: 1
DEBUG: Current token type: 1
DEBUG: Current token type: 1
DEBUG: Current token type: 1
DEBUG: parseStatement() called
DEBUG: Current token type: 1
DEBUG: Current token type: 6
DEBUG: Current token type: 1
DEBUG: Current token type: 1
DEBUG: Current token type: 1
DEBUG: Current token type: 1
DEBUG: Current token type: 1
DEBUG: parseStatement() called
DEBUG: Current token type: 1
DEBUG: Current token type: 6
DEBUG: Current token type: 1
DEBUG: Current token type: 1
DEBUG: Current token type: 1
DEBUG: parseStatement() called
DEBUG: Current token type: 1
DEBUG: parseStatement() called
DEBUG: Current token type: 1
DEBUG: parseStatement returned a statement
DEBUG: parseModule loop iteration, calling parseStatement()
DEBUG: parseStatement() called
DEBUG: parseStatement() called
DEBUG: Current token type: 1
DEBUG: parseStatement() called
DEBUG: Current token type: 1
DEBUG: parseStatement() called
DEBUG: Current token type: 1
DEBUG: parseStatement returned a statement
DEBUG: parseModule loop iteration, calling parseStatement()
DEBUG: parseStatement() called
DEBUG: Current token type: 1
DEBUG: parseStatement returned a statement
